interactions:
  - request:
      body: null
      headers: {}
      method: GET
      uri: https://api.semanticscholar.org/graph/v1/paper/DOI:10.1063/1.4938384?fields=authors,citationCount,citationStyles,externalIds,influentialCitationCount,isOpenAccess,journal,openAccessPdf,publicationDate,publicationTypes,title,url,venue,year
    response:
      body:
        string:
          '{"paperId": "4187800ac995ae172c88b83f8c2c4da990d02934", "externalIds":
          {"MAG": "2277923667", "DOI": "10.1063/1.4938384", "CorpusId": 124514389},
          "url": "https://www.semanticscholar.org/paper/4187800ac995ae172c88b83f8c2c4da990d02934",
          "title": "Effect of native oxide layers on copper thin-film tensile properties:
          A reactive molecular dynamics study", "venue": "", "year": 2015, "citationCount":
          8, "influentialCitationCount": 0, "isOpenAccess": false, "openAccessPdf":
          null, "publicationTypes": null, "publicationDate": "2015-12-21", "journal":
          {"name": "Journal of Applied Physics", "pages": "235306", "volume": "118"},
          "citationStyles": {"bibtex": "@Article{Skarlinski2015EffectON,\n author =
          {Michael Skarlinski and D. Quesnel},\n journal = {Journal of Applied Physics},\n
          pages = {235306},\n title = {Effect of native oxide layers on copper thin-film
          tensile properties: A reactive molecular dynamics study},\n volume = {118},\n
          year = {2015}\n}\n"}, "authors": [{"authorId": "9821934", "name": "Michael
          Skarlinski"}, {"authorId": "37723150", "name": "D. Quesnel"}]}

          '
      headers:
        Access-Control-Allow-Origin:
          - "*"
        Connection:
          - keep-alive
        Content-Length:
          - "1072"
        Content-Type:
          - application/json
        Date:
          - Wed, 04 Sep 2024 22:52:15 GMT
        Via:
          - 1.1 ba51bb9649a17fe3932d945cc355c922.cloudfront.net (CloudFront)
        X-Amz-Cf-Id:
          - a9t0f3UmRFrgjuXEwQmQ2dSmPkVsBqV66Az3CQ2Jl23XehMZ66wiQg==
        X-Amz-Cf-Pop:
          - SFO53-C1
        X-Cache:
          - Miss from cloudfront
        x-amz-apigw-id:
          - dmio4GqvvHcER1A=
        x-amzn-Remapped-Connection:
          - keep-alive
        x-amzn-Remapped-Content-Length:
          - "1072"
        x-amzn-Remapped-Date:
          - Wed, 04 Sep 2024 22:52:15 GMT
        x-amzn-Remapped-Server:
          - gunicorn
        x-amzn-RequestId:
          - 571358b9-6bea-49c4-ba87-d9897de4ad71
      status:
        code: 200
        message: OK
  - request:
      body: null
      headers: {}
      method: GET
      uri: https://api.semanticscholar.org/graph/v1/paper/DOI:10.1038/s42256-024-00832-8?fields=authors,citationCount,citationStyles,externalIds,influentialCitationCount,isOpenAccess,journal,openAccessPdf,publicationDate,publicationTypes,title,url,venue,year
    response:
      body:
        string:
          '{"paperId": "354dcdebf3f8b5feeed5c62090e0bc1f0c28db06", "externalIds":
          {"DBLP": "journals/natmi/BranCSBWS24", "ArXiv": "2304.05376", "PubMedCentral":
          "11116106", "DOI": "10.1038/s42256-024-00832-8", "CorpusId": 258059792, "PubMed":
          "38799228"}, "url": "https://www.semanticscholar.org/paper/354dcdebf3f8b5feeed5c62090e0bc1f0c28db06",
          "title": "Augmenting large language models with chemistry tools", "venue":
          "Nat. Mac. Intell.", "year": 2023, "citationCount": 191, "influentialCitationCount":
          12, "isOpenAccess": true, "openAccessPdf": {"url": "https://www.nature.com/articles/s42256-024-00832-8.pdf",
          "status": "HYBRID"}, "publicationTypes": ["JournalArticle"], "publicationDate":
          "2023-04-11", "journal": {"name": "Nature Machine Intelligence", "pages":
          "525 - 535", "volume": "6"}, "citationStyles": {"bibtex": "@Article{Bran2023AugmentingLL,\n
          author = {Andr\u00e9s M Bran and Sam Cox and Oliver Schilter and Carlo Baldassari
          and Andrew D. White and P. Schwaller},\n booktitle = {Nat. Mac. Intell.},\n
          journal = {Nature Machine Intelligence},\n pages = {525 - 535},\n title =
          {Augmenting large language models with chemistry tools},\n volume = {6},\n
          year = {2023}\n}\n"}, "authors": [{"authorId": "2216007369", "name": "Andr\u00e9s
          M Bran"}, {"authorId": "2161337138", "name": "Sam Cox"}, {"authorId": "1820929773",
          "name": "Oliver Schilter"}, {"authorId": "2251414370", "name": "Carlo Baldassari"},
          {"authorId": "2150199535", "name": "Andrew D. White"}, {"authorId": "1379965853",
          "name": "P. Schwaller"}]}

          '
      headers:
        Access-Control-Allow-Origin:
          - "*"
        Connection:
          - keep-alive
        Content-Length:
          - "1514"
        Content-Type:
          - application/json
        Date:
          - Wed, 04 Sep 2024 22:52:15 GMT
        Via:
          - 1.1 a2165b66922b78c24eb18ccc5d845334.cloudfront.net (CloudFront)
        X-Amz-Cf-Id:
          - s4Dypo5xhbfTsSPGutzMc-ygqcN6s5ihdMcooKRfFnzh05grOm71_Q==
        X-Amz-Cf-Pop:
          - SFO53-C1
        X-Cache:
          - Miss from cloudfront
        x-amz-apigw-id:
          - dmio4ER_vHcEF8w=
        x-amzn-Remapped-Connection:
          - keep-alive
        x-amzn-Remapped-Content-Length:
          - "1514"
        x-amzn-Remapped-Date:
          - Wed, 04 Sep 2024 22:52:15 GMT
        x-amzn-Remapped-Server:
          - gunicorn
        x-amzn-RequestId:
          - a59c2318-659b-40dd-8692-67e3a4db231d
      status:
        code: 200
        message: OK
  - request:
      body: null
      headers: {}
      method: GET
      uri: https://api.semanticscholar.org/graph/v1/paper/DOI:10.1023/a:1007154515475?fields=authors,citationCount,citationStyles,externalIds,influentialCitationCount,isOpenAccess,journal,openAccessPdf,publicationDate,publicationTypes,title,url,venue,year
    response:
      body:
        string:
          '{"paperId": "19807da5b11f3e641535cb72e465001b49b48ee5", "externalIds":
          {"MAG": "1554322594", "DOI": "10.1023/A:1007154515475", "CorpusId": 22646521,
          "PubMed": "11330823"}, "url": "https://www.semanticscholar.org/paper/19807da5b11f3e641535cb72e465001b49b48ee5",
          "title": "An essential role of active site arginine residue in iodide binding
          and histidine residue in electron transfer for iodide oxidation by horseradish
          peroxidase", "venue": "Molecular and Cellular Biochemistry", "year": 2001,
          "citationCount": 7, "influentialCitationCount": 0, "isOpenAccess": false,
          "openAccessPdf": null, "publicationTypes": ["JournalArticle", "Study"], "publicationDate":
          "2001-02-01", "journal": {"name": "Molecular and Cellular Biochemistry", "pages":
          "1-11", "volume": "218"}, "citationStyles": {"bibtex": "@Article{Adak2001AnER,\n
          author = {S. Adak and D. Bandyopadhyay and U. Bandyopadhyay and R. Banerjee},\n
          booktitle = {Molecular and Cellular Biochemistry},\n journal = {Molecular
          and Cellular Biochemistry},\n pages = {1-11},\n title = {An essential role
          of active site arginine residue in iodide binding and histidine residue in
          electron transfer for iodide oxidation by horseradish peroxidase},\n volume
          = {218},\n year = {2001}\n}\n"}, "authors": [{"authorId": "1940081", "name":
          "S. Adak"}, {"authorId": "1701389", "name": "D. Bandyopadhyay"}, {"authorId":
          "5343877", "name": "U. Bandyopadhyay"}, {"authorId": "32656528", "name": "R.
          Banerjee"}]}

          '
      headers:
        Access-Control-Allow-Origin:
          - "*"
        Connection:
          - keep-alive
        Content-Length:
          - "1446"
        Content-Type:
          - application/json
        Date:
          - Wed, 04 Sep 2024 22:52:15 GMT
        Via:
          - 1.1 bd414f5f75d6893558dff609c5ff1fe6.cloudfront.net (CloudFront)
        X-Amz-Cf-Id:
          - _jZ8-GIU76NSYYUGEIT8FDXOc5OWHG9G1J5AbBdg3QBC72VTaraspA==
        X-Amz-Cf-Pop:
          - SFO53-C1
        X-Cache:
          - Miss from cloudfront
        x-amz-apigw-id:
          - dmio5GjPvHcEsfA=
        x-amzn-Remapped-Connection:
          - keep-alive
        x-amzn-Remapped-Content-Length:
          - "1446"
        x-amzn-Remapped-Date:
          - Wed, 04 Sep 2024 22:52:15 GMT
        x-amzn-Remapped-Server:
          - gunicorn
        x-amzn-RequestId:
          - edfb27e0-9e20-48bc-a89e-a1ce7920889b
      status:
        code: 200
        message: OK
  - request:
      body: null
      headers: {}
      method: GET
      uri: https://api.semanticscholar.org/graph/v1/paper/DOI:10.1101/2024.04.01.587366?fields=authors,citationCount,citationStyles,externalIds,influentialCitationCount,isOpenAccess,journal,openAccessPdf,publicationDate,publicationTypes,title,url,venue,year
    response:
      body:
        string:
          '{"paperId": "7e5d4466c8b85f93775fe183e1a318a3e65ac8e4", "externalIds":
          {"DOI": "10.1101/2024.04.01.587366", "CorpusId": 268890006}, "url": "https://www.semanticscholar.org/paper/7e5d4466c8b85f93775fe183e1a318a3e65ac8e4",
          "title": "High-throughput screening of human genetic variants by pooled prime
          editing", "venue": "bioRxiv", "year": 2024, "citationCount": 1, "influentialCitationCount":
          0, "isOpenAccess": true, "openAccessPdf": {"url": "https://www.biorxiv.org/content/biorxiv/early/2024/04/01/2024.04.01.587366.full.pdf",
          "status": "GREEN"}, "publicationTypes": null, "publicationDate": "2024-04-01",
          "journal": {"name": "bioRxiv"}, "citationStyles": {"bibtex": "@Article{Herger2024HighthroughputSO,\n
          author = {Michael Herger and Christina M. Kajba and Megan Buckley and Ana
          Cunha and Molly Strom and Gregory M. Findlay},\n booktitle = {bioRxiv},\n
          journal = {bioRxiv},\n title = {High-throughput screening of human genetic
          variants by pooled prime editing},\n year = {2024}\n}\n"}, "authors": [{"authorId":
          "2294884120", "name": "Michael Herger"}, {"authorId": "2163800172", "name":
          "Christina M. Kajba"}, {"authorId": "2120283350", "name": "Megan Buckley"},
          {"authorId": "2294861709", "name": "Ana Cunha"}, {"authorId": "2294881320",
          "name": "Molly Strom"}, {"authorId": "145686550", "name": "Gregory M. Findlay"}]}

          '
      headers:
        Access-Control-Allow-Origin:
          - "*"
        Connection:
          - keep-alive
        Content-Length:
          - "1325"
        Content-Type:
          - application/json
        Date:
          - Wed, 04 Sep 2024 22:52:15 GMT
        Via:
          - 1.1 bc4ea6bb0c34991c678d2ee30fe9418e.cloudfront.net (CloudFront)
        X-Amz-Cf-Id:
          - n0uSlYJ9h92Y93gE6VNxU8axBoW_4tqqmpYlDj9Q_pzxUAMM2ZQnfg==
        X-Amz-Cf-Pop:
          - SFO53-C1
        X-Cache:
          - Miss from cloudfront
        x-amz-apigw-id:
          - dmio5EEcPHcENJw=
        x-amzn-Remapped-Connection:
          - keep-alive
        x-amzn-Remapped-Content-Length:
          - "1325"
        x-amzn-Remapped-Date:
          - Wed, 04 Sep 2024 22:52:15 GMT
        x-amzn-Remapped-Server:
          - gunicorn
        x-amzn-RequestId:
          - e3be8137-17a5-4afa-bf19-78ebbabaa664
      status:
        code: 200
        message: OK
  - request:
      body: null
      headers: {}
      method: GET
      uri: https://api.semanticscholar.org/graph/v1/paper/DOI:10.48550/arxiv.2312.07559?fields=authors,citationCount,citationStyles,externalIds,influentialCitationCount,isOpenAccess,journal,openAccessPdf,publicationDate,publicationTypes,title,url,venue,year
    response:
      body:
        string:
          '{"paperId": "7e55d8701785818776323b4147cb13354c820469", "externalIds":
          {"ArXiv": "2312.07559", "DBLP": "journals/corr/abs-2312-07559", "DOI": "10.48550/arXiv.2312.07559",
          "CorpusId": 266191420}, "url": "https://www.semanticscholar.org/paper/7e55d8701785818776323b4147cb13354c820469",
          "title": "PaperQA: Retrieval-Augmented Generative Agent for Scientific Research",
          "venue": "arXiv.org", "year": 2023, "citationCount": 23, "influentialCitationCount":
          1, "isOpenAccess": false, "openAccessPdf": null, "publicationTypes": ["JournalArticle"],
          "publicationDate": "2023-12-08", "journal": {"name": "ArXiv", "volume": "abs/2312.07559"},
          "citationStyles": {"bibtex": "@Article{L''ala2023PaperQARG,\n author = {Jakub
          L''ala and Odhran O''Donoghue and Aleksandar Shtedritski and Sam Cox and Samuel
          G. Rodriques and Andrew D. White},\n booktitle = {arXiv.org},\n journal =
          {ArXiv},\n title = {PaperQA: Retrieval-Augmented Generative Agent for Scientific
          Research},\n volume = {abs/2312.07559},\n year = {2023}\n}\n"}, "authors":
          [{"authorId": "2219926382", "name": "Jakub L''ala"}, {"authorId": "2258961056",
          "name": "Odhran O''Donoghue"}, {"authorId": "2258961451", "name": "Aleksandar
          Shtedritski"}, {"authorId": "2161337138", "name": "Sam Cox"}, {"authorId":
          "2258964497", "name": "Samuel G. Rodriques"}, {"authorId": "2273941271", "name":
          "Andrew D. White"}]}

          '
      headers:
        Access-Control-Allow-Origin:
          - "*"
        Connection:
          - keep-alive
        Content-Length:
          - "1349"
        Content-Type:
          - application/json
        Date:
          - Wed, 04 Sep 2024 22:52:15 GMT
        Via:
          - 1.1 cc58556a6e846289f4d3105969536e4c.cloudfront.net (CloudFront)
        X-Amz-Cf-Id:
          - o6spqsPA3fdC2BrgNChKLUaoK22cXaikXe3B9M67Nx7U5O6Dn5PcgA==
        X-Amz-Cf-Pop:
          - SFO53-C1
        X-Cache:
          - Miss from cloudfront
        x-amz-apigw-id:
          - dmio5FP7vHcEVVg=
        x-amzn-Remapped-Connection:
          - keep-alive
        x-amzn-Remapped-Content-Length:
          - "1349"
        x-amzn-Remapped-Date:
          - Wed, 04 Sep 2024 22:52:15 GMT
        x-amzn-Remapped-Server:
          - gunicorn
        x-amzn-RequestId:
          - a017d70b-b4bb-4e96-b474-1069c5d494b3
      status:
        code: 200
        message: OK
  - request:
      body: null
      headers: {}
      method: GET
      uri: https://api.semanticscholar.org/graph/v1/paper/DOI:10.1007/s40278-023-41815-2?fields=authors,citationCount,citationStyles,externalIds,influentialCitationCount,isOpenAccess,journal,openAccessPdf,publicationDate,publicationTypes,title,url,venue,year
    response:
      body:
        string:
          '{"paperId": "e0d2719e49ad216f98ed640864cdacd1c20f53e6", "externalIds":
          {"DOI": "10.1007/s40278-023-41815-2", "CorpusId": 259225376}, "url": "https://www.semanticscholar.org/paper/e0d2719e49ad216f98ed640864cdacd1c20f53e6",
          "title": "Convalescent-anti-sars-cov-2-plasma/immune-globulin", "venue": "Reactions
          weekly", "year": 2023, "citationCount": 0, "influentialCitationCount": 0,
          "isOpenAccess": false, "openAccessPdf": null, "publicationTypes": ["JournalArticle"],
          "publicationDate": "2023-06-01", "journal": {"name": "Reactions Weekly", "pages":
          "145 - 145", "volume": "1962"}, "citationStyles": {"bibtex": "@Article{None,\n
          booktitle = {Reactions weekly},\n journal = {Reactions Weekly},\n pages =
          {145 - 145},\n title = {Convalescent-anti-sars-cov-2-plasma/immune-globulin},\n
          volume = {1962},\n year = {2023}\n}\n"}, "authors": []}

          '
      headers:
        Access-Control-Allow-Origin:
          - "*"
        Connection:
          - keep-alive
        Content-Length:
          - "837"
        Content-Type:
          - application/json
        Date:
          - Wed, 04 Sep 2024 22:52:15 GMT
        Via:
          - 1.1 c3d007e42510cc2bd48d2a205774e488.cloudfront.net (CloudFront)
        X-Amz-Cf-Id:
          - 1RAeHC7HhZJE9DtiTJoT4b7mYz0Bvcz_VoAECnMgTlXklPykWxc8Ug==
        X-Amz-Cf-Pop:
          - SFO53-C1
        X-Cache:
          - Miss from cloudfront
        x-amz-apigw-id:
          - dmio5GTsPHcEqgw=
        x-amzn-Remapped-Connection:
          - keep-alive
        x-amzn-Remapped-Content-Length:
          - "837"
        x-amzn-Remapped-Date:
          - Wed, 04 Sep 2024 22:52:15 GMT
        x-amzn-Remapped-Server:
          - gunicorn
        x-amzn-RequestId:
          - cd9b85cf-4664-46ba-a63c-2688e86aca39
      status:
        code: 200
        message: OK
  - request:
      body: null
      headers: {}
      method: GET
      uri: https://api.crossref.org/works/10.1063%2F1.4938384?mailto=example@papercrow.ai
    response:
      body:
        string:
          '{"status":"ok","message-type":"work","message-version":"1.0.0","message":{"indexed":{"date-parts":[[2023,9,29]],"date-time":"2023-09-29T22:47:50Z","timestamp":1696027670718},"reference-count":57,"publisher":"AIP
          Publishing","issue":"23","funder":[{"DOI":"10.13039\/100000006","name":"Office
          of Naval Research","doi-asserted-by":"publisher","award":["N00014-12-1-0542"],"id":[{"id":"10.13039\/100000006","id-type":"DOI","asserted-by":"publisher"}]}],"content-domain":{"domain":["pubs.aip.org"],"crossmark-restriction":true},"short-container-title":[],"published-print":{"date-parts":[[2015,12,21]]},"abstract":"<jats:p>Metal-oxide
          layers are likely to be present on metallic nano-structures due to either
          environmental exposure during use, or high temperature processing techniques
          such as annealing. It is well known that nano-structured metals have vastly
          different mechanical properties from bulk metals; however, difficulties in
          modeling the transition between metallic and ionic bonding have prevented
          the computational investigation of the effects of oxide surface layers. Newly
          developed charge-optimized many body [Liang et al., Mater. Sci. Eng., R 74,
          255 (2013)] potentials are used to perform fully reactive molecular dynamics
          simulations which elucidate the effects that metal-oxide layers have on the
          mechanical properties of a copper thin-film. Simulated tensile tests are performed
          on thin-films while using different strain-rates, temperatures, and oxide
          thicknesses to evaluate changes in yield stress, modulus, and failure mechanisms.
          Findings indicate that copper-thin film mechanical properties are strongly
          affected by native oxide layers. The formed oxide layers have an amorphous
          structure with lower Cu-O bond-densities than bulk CuO, and a mixture of Cu2O
          and CuO charge character. It is found that oxidation will cause modifications
          to the strain response of the elastic modulii, producing a stiffened modulii
          at low temperatures (&amp;lt;75\u2009K) and low strain values (&amp;lt;5%),
          and a softened modulii at higher temperatures. While under strain, structural
          reorganization within the oxide layers facilitates brittle yielding through
          nucleation of defects across the oxide\/metal interface. The oxide-free copper
          thin-film yielding mechanism is found to be a tensile-axis reorientation and
          grain creation. The oxide layers change the observed yielding mechanism, allowing
          for the inner copper thin-film to sustain an FCC-to-BCC transition during
          yielding. The mechanical properties are fit to a thermodynamic model based
          on classical nucleation theory. The fit implies that the oxidation of the
          films reduces the activation volume for yielding.<\/jats:p>","DOI":"10.1063\/1.4938384","type":"journal-article","created":{"date-parts":[[2015,12,22]],"date-time":"2015-12-22T00:59:18Z","timestamp":1450745958000},"update-policy":"http:\/\/dx.doi.org\/10.1063\/aip-crossmark-policy-page","source":"Crossref","is-referenced-by-count":8,"title":["Effect
          of native oxide layers on copper thin-film tensile properties: A reactive
          molecular dynamics study"],"prefix":"10.1063","volume":"118","author":[{"given":"Michael
          D.","family":"Skarlinski","sequence":"first","affiliation":[{"name":"University
          of Rochester 1 Materials Science Program, , Rochester, New York 14627, USA"}]},{"given":"David
          J.","family":"Quesnel","sequence":"additional","affiliation":[{"name":"University
          of Rochester 1 Materials Science Program, , Rochester, New York 14627, USA"},{"name":"University
          of Rochester 2 Department of Mechanical Engineering, , Rochester, New York
          14627, USA"}]}],"member":"317","published-online":{"date-parts":[[2015,12,21]]},"reference":[{"key":"2023062402360541600_c1","doi-asserted-by":"publisher","first-page":"10973","DOI":"10.1021\/nn504883m","volume":"8","year":"2014","journal-title":"ACS
          Nano"},{"key":"2023062402360541600_c2","volume-title":"Ultrathin Metal Transparent
          Electrodes for the Optoelectronics Industry","year":"2013"},{"key":"2023062402360541600_c3","doi-asserted-by":"publisher","first-page":"2224","DOI":"10.1039\/b718768h","volume":"37","year":"2008","journal-title":"Chem.
          Soc. Rev."},{"key":"2023062402360541600_c4","doi-asserted-by":"publisher","first-page":"3011","DOI":"10.1002\/adma.200501767","volume":"17","year":"2005","journal-title":"Adv.
          Mater."},{"key":"2023062402360541600_c5","doi-asserted-by":"publisher","first-page":"4816","DOI":"10.1016\/j.actamat.2008.05.044","volume":"56","year":"2008","journal-title":"Acta
          Mater."},{"key":"2023062402360541600_c6","doi-asserted-by":"publisher","first-page":"76","DOI":"10.1016\/j.commatsci.2014.02.014","volume":"87","year":"2014","journal-title":"Comput.
          Mater. Sci."},{"key":"2023062402360541600_c7","doi-asserted-by":"publisher","first-page":"3032","DOI":"10.1016\/j.commatsci.2011.05.023","volume":"50","year":"2011","journal-title":"Comput.
          Mater. Sci."},{"key":"2023062402360541600_c8","doi-asserted-by":"publisher","first-page":"319","DOI":"10.1016\/j.commatsci.2010.08.021","volume":"50","year":"2010","journal-title":"Comput.
          Mater. Sci."},{"key":"2023062402360541600_c9","doi-asserted-by":"publisher","first-page":"140","DOI":"10.1016\/j.commatsci.2012.08.044","volume":"67","year":"2013","journal-title":"Comput.
          Mater. Sci."},{"key":"2023062402360541600_c10","doi-asserted-by":"publisher","first-page":"093515","DOI":"10.1063\/1.3120916","volume":"105","year":"2009","journal-title":"J.
          Appl. Phys."},{"key":"2023062402360541600_c11","doi-asserted-by":"publisher","first-page":"3151","DOI":"10.1021\/nl201233u","volume":"11","year":"2011","journal-title":"Nano
          Lett."},{"key":"2023062402360541600_c12","doi-asserted-by":"publisher","first-page":"3048","DOI":"10.1021\/nl9015107","volume":"9","year":"2009","journal-title":"Nano
          Lett."},{"key":"2023062402360541600_c13","doi-asserted-by":"publisher","first-page":"2318","DOI":"10.1016\/j.actamat.2008.01.027","volume":"56","year":"2008","journal-title":"Acta
          Mater."},{"key":"2023062402360541600_c14","doi-asserted-by":"publisher","first-page":"241403","DOI":"10.1103\/PhysRevB.71.241403","volume":"71","year":"2005","journal-title":"Phys.
          Rev. B"},{"key":"2023062402360541600_c15","doi-asserted-by":"publisher","first-page":"195429","DOI":"10.1103\/PhysRevB.77.195429","volume":"77","year":"2008","journal-title":"Phys.
          Rev. B"},{"key":"2023062402360541600_c16","doi-asserted-by":"publisher","first-page":"3277","DOI":"10.1039\/c2jm13682a","volume":"22","year":"2012","journal-title":"J.
          Mater. Chem."},{"key":"2023062402360541600_c17","doi-asserted-by":"publisher","first-page":"075413","DOI":"10.1103\/PhysRevB.70.075413","volume":"70","year":"2004","journal-title":"Phys.
          Rev. B"},{"key":"2023062402360541600_c18","doi-asserted-by":"publisher","first-page":"163112","DOI":"10.1063\/1.2723654","volume":"90","year":"2007","journal-title":"Appl.
          Phys. Lett."},{"key":"2023062402360541600_c19","doi-asserted-by":"publisher","first-page":"144","DOI":"10.1038\/ncomms1149","volume":"1","year":"2010","journal-title":"Nat.
          Commun."},{"key":"2023062402360541600_c20","doi-asserted-by":"publisher","first-page":"085408","DOI":"10.1103\/PhysRevB.75.085408","volume":"75","year":"2007","journal-title":"Phys.
          Rev. B"},{"key":"2023062402360541600_c21","doi-asserted-by":"publisher","first-page":"025502","DOI":"10.1103\/PhysRevLett.100.025502","volume":"100","year":"2008","journal-title":"Phys.
          Rev. Lett."},{"key":"2023062402360541600_c22","doi-asserted-by":"publisher","first-page":"33","DOI":"10.1016\/j.ijplas.2013.04.002","volume":"52","year":"2014","journal-title":"Int.
          J. Plast."},{"key":"2023062402360541600_c23","doi-asserted-by":"publisher","first-page":"035020","DOI":"10.1088\/2053-1591\/1\/3\/035020","volume":"1","year":"2014","journal-title":"Mater.
          Res. Express"},{"key":"2023062402360541600_c24","doi-asserted-by":"publisher","first-page":"670","DOI":"10.1016\/j.jcrysgro.2005.11.111","volume":"289","year":"2006","journal-title":"J.
          Cryst. Growth"},{"key":"2023062402360541600_c25","doi-asserted-by":"publisher","first-page":"62","DOI":"10.1016\/j.cplett.2004.10.005","volume":"399","year":"2004","journal-title":"Chem.
          Phys. Lett."},{"key":"2023062402360541600_c26","doi-asserted-by":"publisher","first-page":"4040","DOI":"10.1016\/j.tsf.2007.12.159","volume":"516","year":"2008","journal-title":"Thin
          Solid Films"},{"key":"2023062402360541600_c27","doi-asserted-by":"publisher","first-page":"085311","DOI":"10.1103\/PhysRevB.75.085311","volume":"75","year":"2007","journal-title":"Phys.
          Rev. B"},{"key":"2023062402360541600_c28","doi-asserted-by":"publisher","first-page":"11996","DOI":"10.1103\/PhysRevB.50.11996","volume":"50","year":"1994","journal-title":"Phys.
          Rev. B"},{"key":"2023062402360541600_c29","doi-asserted-by":"publisher","first-page":"4866","DOI":"10.1103\/PhysRevLett.82.4866","volume":"82","year":"1999","journal-title":"Phys.
          Rev. Lett."},{"key":"2023062402360541600_c30","doi-asserted-by":"publisher","first-page":"9396","DOI":"10.1021\/jp004368u","volume":"105","year":"2001","journal-title":"J.
          Phys. Chem. A."},{"key":"2023062402360541600_c31","doi-asserted-by":"publisher","first-page":"195408","DOI":"10.1103\/PhysRevB.78.195408","volume":"78","year":"2008","journal-title":"Phys.
          Rev. B"},{"key":"2023062402360541600_c32","doi-asserted-by":"publisher","first-page":"123517","DOI":"10.1063\/1.2938022","volume":"103","year":"2008","journal-title":"J.
          Appl. Phys."},{"key":"2023062402360541600_c33","doi-asserted-by":"publisher","first-page":"4073","DOI":"10.1080\/14786435.2011.598881","volume":"91","year":"2011","journal-title":"Philos.
          Mag."},{"key":"2023062402360541600_c34","doi-asserted-by":"publisher","first-page":"051912","DOI":"10.1063\/1.4790181","volume":"102","year":"2013","journal-title":"Appl.
          Phys. Lett."},{"key":"2023062402360541600_c35","doi-asserted-by":"publisher","first-page":"3959","DOI":"10.1038\/ncomms4959","volume":"5","year":"2014","journal-title":"Nat.
          Commun."},{"key":"2023062402360541600_c36","doi-asserted-by":"publisher","first-page":"1","DOI":"10.1006\/jcph.1995.1039","volume":"117","year":"1995","journal-title":"J.
          Comput. Phys."},{"key":"2023062402360541600_c37","doi-asserted-by":"publisher","first-page":"125308","DOI":"10.1103\/PhysRevB.84.125308","volume":"84","year":"2011","journal-title":"Phys.
          Rev. B"},{"key":"2023062402360541600_c38","doi-asserted-by":"publisher","first-page":"255","DOI":"10.1016\/j.mser.2013.07.001","volume":"74","year":"2013","journal-title":"Mater.
          Sci. Eng., R"},{"key":"2023062402360541600_c39","doi-asserted-by":"publisher","first-page":"6141","DOI":"10.1063\/1.468398","volume":"101","year":"1994","journal-title":"J.
          Chem. Phys."},{"key":"2023062402360541600_c40","doi-asserted-by":"publisher","first-page":"98","DOI":"10.1103\/PhysRev.159.98","volume":"159","year":"1967","journal-title":"Phys.
          Rev."},{"key":"2023062402360541600_c41","doi-asserted-by":"publisher","first-page":"109","DOI":"10.1146\/annurev-matsci-071312-121610","volume":"43","year":"2013","journal-title":"Annu.
          Rev. Mater. Res."},{"key":"2023062402360541600_c42","doi-asserted-by":"publisher","first-page":"4177","DOI":"10.1063\/1.467468","volume":"101","year":"1994","journal-title":"J.
          Chem. Phys."},{"key":"2023062402360541600_c43","first-page":"35","volume":"3","year":"1969","journal-title":"ESAIM-Math.
          Model. Num."},{"key":"2023062402360541600_c44","doi-asserted-by":"publisher","first-page":"11085","DOI":"10.1103\/PhysRevB.58.11085","volume":"58","year":"1998","journal-title":"Phys.
          Rev. B"},{"key":"2023062402360541600_c45","doi-asserted-by":"publisher","first-page":"045021","DOI":"10.1088\/0965-0393\/20\/4\/045021","volume":"20","year":"2012","journal-title":"Modell.
          Simul. Mater. Sci. Eng."},{"key":"2023062402360541600_c46","doi-asserted-by":"publisher","first-page":"015012","DOI":"10.1088\/0965-0393\/18\/1\/015012","volume":"18","year":"2010","journal-title":"Modell.
          Simul. Mater. Sci. Eng."},{"key":"2023062402360541600_c47","doi-asserted-by":"publisher","first-page":"605","DOI":"10.1007\/s11669-005-0005-8","volume":"26","year":"2005","journal-title":"J.
          Phase Equilib. Diffus."},{"key":"2023062402360541600_c48","doi-asserted-by":"publisher","first-page":"386","DOI":"10.1016\/j.electacta.2015.03.221","volume":"179","year":"2015","journal-title":"Electrochim.
          Acta"},{"key":"2023062402360541600_c49","doi-asserted-by":"publisher","first-page":"1876","DOI":"10.1016\/j.actamat.2007.12.043","volume":"56","year":"2008","journal-title":"Acta
          Mater."},{"key":"2023062402360541600_c50","doi-asserted-by":"publisher","first-page":"2237","DOI":"10.1016\/S0020-7403(01)00043-1","volume":"43","year":"2001","journal-title":"Int.
          J. Mech. Sci."},{"key":"2023062402360541600_c51","doi-asserted-by":"publisher","first-page":"1723","DOI":"10.1080\/14786430802206482","volume":"88","year":"2008","journal-title":"Philos.
          Mag."},{"key":"2023062402360541600_c52","doi-asserted-by":"publisher","first-page":"224106","DOI":"10.1103\/PhysRevB.63.224106","volume":"63","year":"2001","journal-title":"Phys.
          Rev. B"},{"key":"2023062402360541600_c53","doi-asserted-by":"publisher","first-page":"136","DOI":"10.1080\/09500830802684114","volume":"89","year":"2009","journal-title":"Philos.
          Mag. Lett."},{"key":"2023062402360541600_c54","doi-asserted-by":"publisher","first-page":"238","DOI":"10.1016\/S0921-5093(02)00708-6","volume":"350","year":"2003","journal-title":"Mater.
          Sci. Eng. A"},{"key":"2023062402360541600_c55","doi-asserted-by":"publisher","first-page":"057129","DOI":"10.1063\/1.4880241","volume":"4","year":"2014","journal-title":"AIP
          Adv."},{"key":"2023062402360541600_c56","doi-asserted-by":"publisher","first-page":"94","DOI":"10.1016\/j.susc.2014.10.017","volume":"633","year":"2015","journal-title":"Surf.
          Sci."},{"key":"2023062402360541600_c57","doi-asserted-by":"publisher","first-page":"710","DOI":"10.1016\/j.pmatsci.2010.04.001","volume":"55","year":"2010","journal-title":"Prog.
          Mater. Sci."}],"container-title":["Journal of Applied Physics"],"original-title":[],"language":"en","link":[{"URL":"https:\/\/pubs.aip.org\/aip\/jap\/article-pdf\/doi\/10.1063\/1.4938384\/15174088\/235306_1_online.pdf","content-type":"application\/pdf","content-version":"vor","intended-application":"syndication"},{"URL":"https:\/\/pubs.aip.org\/aip\/jap\/article-pdf\/doi\/10.1063\/1.4938384\/15174088\/235306_1_online.pdf","content-type":"unspecified","content-version":"vor","intended-application":"similarity-checking"}],"deposited":{"date-parts":[[2023,6,24]],"date-time":"2023-06-24T15:07:33Z","timestamp":1687619253000},"score":1,"resource":{"primary":{"URL":"https:\/\/pubs.aip.org\/jap\/article\/118\/23\/235306\/141678\/Effect-of-native-oxide-layers-on-copper-thin-film"}},"subtitle":[],"short-title":[],"issued":{"date-parts":[[2015,12,21]]},"references-count":57,"journal-issue":{"issue":"23","published-print":{"date-parts":[[2015,12,21]]}},"URL":"http:\/\/dx.doi.org\/10.1063\/1.4938384","relation":{},"ISSN":["0021-8979","1089-7550"],"issn-type":[{"value":"0021-8979","type":"print"},{"value":"1089-7550","type":"electronic"}],"subject":[],"published-other":{"date-parts":[[2015,12,21]]},"published":{"date-parts":[[2015,12,21]]}}}'
      headers:
        Access-Control-Allow-Headers:
          - X-Requested-With, Accept, Accept-Encoding, Accept-Charset, Accept-Language,
            Accept-Ranges, Cache-Control
        Access-Control-Allow-Origin:
          - "*"
        Access-Control-Expose-Headers:
          - Link
        Connection:
          - close
        Content-Encoding:
          - gzip
        Content-Length:
          - "3912"
        Content-Type:
          - application/json
        Date:
          - Wed, 04 Sep 2024 22:52:15 GMT
        Server:
          - Jetty(9.4.40.v20210413)
        Vary:
          - Accept-Encoding
        permissions-policy:
          - interest-cohort=()
        x-api-pool:
          - plus
        x-rate-limit-interval:
          - 1s
        x-rate-limit-limit:
          - "150"
        x-ratelimit-interval:
          - 1s
        x-ratelimit-limit:
          - "150"
      status:
        code: 200
        message: OK
  - request:
      body: null
      headers: {}
      method: GET
      uri: https://api.crossref.org/works/10.1038%2Fs42256-024-00832-8?mailto=example@papercrow.ai
    response:
      body:
        string:
          '{"status":"ok","message-type":"work","message-version":"1.0.0","message":{"indexed":{"date-parts":[[2024,9,4]],"date-time":"2024-09-04T17:39:08Z","timestamp":1725471548702},"reference-count":103,"publisher":"Springer
          Science and Business Media LLC","issue":"5","license":[{"start":{"date-parts":[[2024,5,8]],"date-time":"2024-05-08T00:00:00Z","timestamp":1715126400000},"content-version":"tdm","delay-in-days":0,"URL":"https:\/\/creativecommons.org\/licenses\/by\/4.0"},{"start":{"date-parts":[[2024,5,8]],"date-time":"2024-05-08T00:00:00Z","timestamp":1715126400000},"content-version":"vor","delay-in-days":0,"URL":"https:\/\/creativecommons.org\/licenses\/by\/4.0"}],"funder":[{"DOI":"10.13039\/501100001711","name":"Schweizerischer
          Nationalfonds zur F\u00f6rderung der Wissenschaftlichen Forschung","doi-asserted-by":"publisher","award":["180544","180544","180544"],"id":[{"id":"10.13039\/501100001711","id-type":"DOI","asserted-by":"publisher"}]},{"DOI":"10.13039\/100000001","name":"National
          Science Foundation","doi-asserted-by":"publisher","award":["1751471","1751471"],"id":[{"id":"10.13039\/100000001","id-type":"DOI","asserted-by":"publisher"}]}],"content-domain":{"domain":["link.springer.com"],"crossmark-restriction":false},"short-container-title":["Nat
          Mach Intell"],"abstract":"<jats:title>Abstract<\/jats:title><jats:p>Large
          language models (LLMs) have shown strong performance in tasks across domains
          but struggle with chemistry-related problems. These models also lack access
          to external knowledge sources, limiting their usefulness in scientific applications.
          We introduce ChemCrow, an LLM chemistry agent designed to accomplish tasks
          across organic synthesis, drug discovery and materials design. By integrating
          18 expert-designed tools and using GPT-4 as the LLM, ChemCrow augments the
          LLM performance in chemistry, and new capabilities emerge. Our agent autonomously
          planned and executed the syntheses of an insect repellent and three organocatalysts
          and guided the discovery of a novel chromophore. Our evaluation, including
          both LLM and expert assessments, demonstrates ChemCrow\u2019s effectiveness
          in automating a diverse set of chemical tasks. Our work not only aids expert
          chemists and lowers barriers for non-experts but also fosters scientific advancement
          by bridging the gap between experimental and computational chemistry.<\/jats:p>","DOI":"10.1038\/s42256-024-00832-8","type":"journal-article","created":{"date-parts":[[2024,5,8]],"date-time":"2024-05-08T10:03:31Z","timestamp":1715162611000},"page":"525-535","update-policy":"http:\/\/dx.doi.org\/10.1007\/springer_crossmark_policy","source":"Crossref","is-referenced-by-count":17,"title":["Augmenting
          large language models with chemistry tools"],"prefix":"10.1038","volume":"6","author":[{"given":"Andres","family":"M.
          Bran","sequence":"first","affiliation":[]},{"given":"Sam","family":"Cox","sequence":"additional","affiliation":[]},{"ORCID":"http:\/\/orcid.org\/0000-0003-0310-0851","authenticated-orcid":false,"given":"Oliver","family":"Schilter","sequence":"additional","affiliation":[]},{"given":"Carlo","family":"Baldassari","sequence":"additional","affiliation":[]},{"ORCID":"http:\/\/orcid.org\/0000-0002-6647-3965","authenticated-orcid":false,"given":"Andrew
          D.","family":"White","sequence":"additional","affiliation":[]},{"ORCID":"http:\/\/orcid.org\/0000-0003-3046-6576","authenticated-orcid":false,"given":"Philippe","family":"Schwaller","sequence":"additional","affiliation":[]}],"member":"297","published-online":{"date-parts":[[2024,5,8]]},"reference":[{"key":"832_CR1","unstructured":"Devlin,
          J., Chang, M.-W., Lee, K. & Toutanova, K. Bert: pre-training of deep bidirectional
          transformers for language understanding. In Proc. Conference of the North
          American Chapter of the Association for Computational Linguistics: Human Language
          Technologies (eds Burstein, J. et al.) 4171\u20134186 (Association for Computational
          Linguistics, 2019)."},{"key":"832_CR2","first-page":"1877","volume":"33","author":"T
          Brown","year":"2020","unstructured":"Brown, T. et al. Language models are
          few-shot learners. Adv. Neural Inf. Process. Syst. 33, 1877\u20131901 (2020).","journal-title":"Adv.
          Neural Inf. Process. Syst."},{"key":"832_CR3","unstructured":"Bommasani, R.
          et al. On the opportunities and risks of foundation models. Preprint at https:\/\/arxiv.org\/abs\/2108.07258
          (2021)."},{"key":"832_CR4","first-page":"1","volume":"24","author":"A Chowdhery","year":"2023","unstructured":"Chowdhery,
          A. et al. Palm: scaling language modeling with pathways. J. Mach. Learn. Res.
          24, 1\u2013113 (2023).","journal-title":"J. Mach. Learn. Res."},{"key":"832_CR5","unstructured":"Bubeck,
          S. et al. Sparks of artificial general intelligence: early experiments with
          gpt-4. Preprint at https:\/\/arxiv.org\/abs\/2303.12712 (2023)."},{"key":"832_CR6","unstructured":"Github
          Copilot. GitHub https:\/\/copilot.github.com (2023)."},{"key":"832_CR7","unstructured":"Li,
          R. et al. Starcoder: may the source be with you! Trans. Mach. Learn. Res.
          https:\/\/openreview.net\/pdf?id=KoFOg41haE (2023)."},{"key":"832_CR8","doi-asserted-by":"crossref","unstructured":"Ziegler,
          A. et al. Productivity assessment of neural code completion. In Proc. 6th
          ACM SIGPLAN International Symposium on Machine Programming (eds Chaudhuri,
          S. and Sutton, C.) 21\u201329 (ACM, 2022).","DOI":"10.1145\/3520312.3534864"},{"key":"832_CR9","unstructured":"Vaswani,
          A. et al. Attention is all you need. In Proc. Advances in Neural Information
          Processing Systems 30 (eds. Guyon, I. et al.) 5999\u20136009 (Curran Associates,
          2017)."},{"key":"832_CR10","unstructured":"Schick, T. et al. Toolformer: language
          models can teach themselves to use tools. In Proc. Advances in Neural Information
          Processing Systems 36 (eds. Oh, A. et al.) 68539\u201368551 (Curran Associates,
          2023)."},{"key":"832_CR11","doi-asserted-by":"publisher","first-page":"1649","DOI":"10.1021\/acs.jcim.3c00285","volume":"63","author":"CM
          Castro Nascimento","year":"2023","unstructured":"Castro Nascimento, C. M.
          & Pimentel, A. S. Do large language models understand chemistry? A conversation
          with ChatGPT. J. Chem. Inf. Model. 63, 1649\u20131655 (2023).","journal-title":"J.
          Chem. Inf. Model."},{"key":"832_CR12","unstructured":"OpenAI. GPT-4 technical
          report. Preprint at https:\/\/arxiv.org\/abs\/2303.08774 (2023)."},{"key":"832_CR13","first-page":"27730","volume":"35","author":"L
          Ouyang","year":"2022","unstructured":"Ouyang, L. et al. Training language
          models to follow instructions with human feedback. Adv. Neural Inf. Process.
          Syst. 35, 27730\u201327744 (2022).","journal-title":"Adv. Neural Inf. Process.
          Syst."},{"key":"832_CR14","doi-asserted-by":"publisher","first-page":"368","DOI":"10.1039\/D2DD00087C","volume":"2","author":"AD
          White","year":"2023","unstructured":"White, A. D. et al. Assessment of chemistry
          knowledge in large language models that generate code. Digit. Discov. 2, 368\u2013376
          (2023).","journal-title":"Digit. Discov."},{"key":"832_CR15","doi-asserted-by":"publisher","first-page":"739","DOI":"10.1021\/ci100384d","volume":"51","author":"DM
          Lowe","year":"2011","unstructured":"Lowe, D. M., Corbett, P. T., Murray-Rust,
          P. & Glen, R. C. Chemical name to structure: Opsin, an open source solution.
          J. Chem. Inf. Model. 51, 739\u2013753 (2011).","journal-title":"J. Chem. Inf.
          Model."},{"key":"832_CR16","doi-asserted-by":"publisher","first-page":"434","DOI":"10.1021\/acscentsci.7b00064","volume":"3","author":"CW
          Coley","year":"2017","unstructured":"Coley, C. W., Barzilay, R., Jaakkola,
          T. S., Green, W. H. & Jensen, K. F. Prediction of organic reaction outcomes
          using machine learning. ACS Cent. Sci. 3, 434\u2013443 (2017).","journal-title":"ACS
          Cent. Sci."},{"key":"832_CR17","doi-asserted-by":"publisher","first-page":"370","DOI":"10.1039\/C8SC04228D","volume":"10","author":"CW
          Coley","year":"2019","unstructured":"Coley, C. W. et al. A graph-convolutional
          neural network model for the prediction of chemical reactivity. Chem. Sci.
          10, 370\u2013377 (2019).","journal-title":"Chem. Sci."},{"key":"832_CR18","doi-asserted-by":"publisher","first-page":"1572","DOI":"10.1021\/acscentsci.9b00576","volume":"5","author":"P
          Schwaller","year":"2019","unstructured":"Schwaller, P. et al. Molecular transformer:
          a model for uncertainty-calibrated chemical reaction prediction. ACS Cent.
          Sci. 5, 1572\u20131583 (2019).","journal-title":"ACS Cent. Sci."},{"key":"832_CR19","doi-asserted-by":"publisher","first-page":"4874","DOI":"10.1038\/s41467-020-18671-7","volume":"11","author":"G
          Pesciullesi","year":"2020","unstructured":"Pesciullesi, G., Schwaller, P.,
          Laino, T. & Reymond, J.-L. Transfer learning enables the molecular transformer
          to predict regio-and stereoselective reactions on carbohydrates. Nat. Commun.
          11, 4874 (2020).","journal-title":"Nat. Commun."},{"key":"832_CR20","doi-asserted-by":"publisher","first-page":"015022","DOI":"10.1088\/2632-2153\/ac3ffb","volume":"3","author":"R
          Irwin","year":"2022","unstructured":"Irwin, R., Dimitriadis, S., He, J. &
          Bjerrum, E. J. Chemformer: a pre-trained transformer for computational chemistry.
          Mach. Learn. Sci.Technol. 3, 015022 (2022).","journal-title":"Mach. Learn.
          Sci.Technol."},{"key":"832_CR21","doi-asserted-by":"publisher","first-page":"5904","DOI":"10.1002\/anie.201506101","volume":"55","author":"S
          Szymkuc","year":"2016","unstructured":"Szymkuc, S. et al. Computer-assisted
          synthetic planning: the end of the beginning. Angew. Chem. Int. Ed. Engl.
          55, 5904\u20135937 (2016).","journal-title":"Angew. Chem. Int. Ed. Engl."},{"key":"832_CR22","doi-asserted-by":"publisher","first-page":"604","DOI":"10.1038\/nature25978","volume":"555","author":"MH
          Segler","year":"2018","unstructured":"Segler, M. H., Preuss, M. & Waller,
          M. P. Planning chemical syntheses with deep neural networks and symbolic AI.
          Nature 555, 604\u2013610 (2018).","journal-title":"Nature"},{"key":"832_CR23","doi-asserted-by":"crossref","unstructured":"Coley,
          C. W. et al. A robotic platform for flow synthesis of organic compounds informed
          by AI planning. Science 365 (2019).","DOI":"10.1126\/science.aax1566"},{"key":"832_CR24","doi-asserted-by":"publisher","first-page":"3316","DOI":"10.1039\/C9SC05704H","volume":"11","author":"P
          Schwaller","year":"2020","unstructured":"Schwaller, P. et al. Predicting retrosynthetic
          pathways using transformer-based models and a hyper-graph exploration strategy.
          Chem. Sci. 11, 3316\u20133325 (2020).","journal-title":"Chem. Sci."},{"key":"832_CR25","doi-asserted-by":"publisher","first-page":"1","DOI":"10.1186\/s13321-020-00472-1","volume":"12","author":"S
          Genheden","year":"2020","unstructured":"Genheden, S. et al. AiZynthFinder:
          a fast, robust and flexible open-source software for retrosynthetic planning.
          J. Cheminf. 12, 1\u20139 (2020).","journal-title":"J. Cheminf."},{"key":"832_CR26","doi-asserted-by":"publisher","first-page":"1094","DOI":"10.1021\/acs.accounts.0c00714","volume":"54","author":"K
          Molga","year":"2021","unstructured":"Molga, K., Szymkuc, S. & Grzybowski,
          B. A. Chemist ex machina: advanced synthesis planning by computers. Acc. Chem.
          Res. 54, 1094\u20131106 (2021).","journal-title":"Acc. Chem. Res."},{"key":"832_CR27","doi-asserted-by":"publisher","first-page":"e1604","DOI":"10.1002\/wcms.1604","volume":"12","author":"P
          Schwaller","year":"2022","unstructured":"Schwaller, P. et al. Machine intelligence
          for chemical reaction space. Wiley Interdiscip. Rev. Comput. Mol. Sci. 12,
          e1604 (2022).","journal-title":"Wiley Interdiscip. Rev. Comput. Mol. Sci."},{"key":"832_CR28","doi-asserted-by":"publisher","first-page":"80","DOI":"10.3389\/fenvs.2015.00080","volume":"3","author":"A
          Mayr","year":"2016","unstructured":"Mayr, A., Klambauer, G., Unterthiner,
          T. & Hochreiter, S. Deeptox: toxicity prediction using deep learning. Front.
          Environ. Sci. 3, 80 (2016).","journal-title":"Front. Environ. Sci."},{"key":"832_CR29","doi-asserted-by":"publisher","first-page":"3370","DOI":"10.1021\/acs.jcim.9b00237","volume":"59","author":"K
          Yang","year":"2019","unstructured":"Yang, K. et al. Analyzing learned molecular
          representations for property prediction. J. Chem. Inf. Model. 59, 3370\u20133388
          (2019).","journal-title":"J. Chem. Inf. Model."},{"key":"832_CR30","unstructured":"Chithrananda,
          S., Grand, G. & Ramsundar, B. Chemberta: large-scale self-supervised pretraining
          for molecular property prediction. Preprint at https:\/\/arxiv.org\/abs\/2010.09885
          (2020)."},{"key":"832_CR31","doi-asserted-by":"publisher","first-page":"5938","DOI":"10.1021\/acs.jcim.2c01073","volume":"62","author":"D
          van Tilborg","year":"2022","unstructured":"van Tilborg, D., Alenicheva, A.
          & Grisoni, F. Exposing the limitations of molecular machine learning with
          activity cliffs. J. Chem. Inf. Model. 62, 5938\u20135951 (2022).","journal-title":"J.
          Chem. Inf. Model."},{"key":"832_CR32","doi-asserted-by":"publisher","first-page":"161","DOI":"10.1038\/s42256-023-00788-1","volume":"6","author":"KM
          Jablonka","year":"2024","unstructured":"Jablonka, K. M., Schwaller, P., Ortega-Guerrero,
          A. & Smit, B. Leveraging large language models for predictive chemistry. Nat.
          Mach. Intell. 6, 161\u2013169 (2024).","journal-title":"Nat. Mach. Intell."},{"key":"832_CR33","doi-asserted-by":"publisher","first-page":"268","DOI":"10.1021\/acscentsci.7b00572","volume":"4","author":"R
          G\u00f3mez-Bombarelli","year":"2018","unstructured":"G\u00f3mez-Bombarelli,
          R. et al. Automatic chemical design using a data-driven continuous representation
          of molecules. ACS Cent. Sci. 4, 268\u2013276 (2018).","journal-title":"ACS
          Cent. Sci."},{"key":"832_CR34","doi-asserted-by":"publisher","first-page":"5918","DOI":"10.1021\/acs.jcim.0c00915","volume":"60","author":"T
          Blaschke","year":"2020","unstructured":"Blaschke, T. et al. Reinvent 2.0:
          an AI tool for de novo drug design. J. Chem. Inf. Model. 60, 5918\u20135922
          (2020).","journal-title":"J. Chem. Inf. Model."},{"key":"832_CR35","doi-asserted-by":"publisher","first-page":"1","DOI":"10.1038\/s41524-021-00495-8","volume":"7","author":"Q
          Tao","year":"2021","unstructured":"Tao, Q., Xu, P., Li, M. & Lu, W. Machine
          learning for perovskite materials design and discovery. NPJ Comput. Mater.
          7, 1\u201318 (2021).","journal-title":"NPJ Comput. Mater."},{"key":"832_CR36","doi-asserted-by":"publisher","first-page":"1120","DOI":"10.1038\/nmat4717","volume":"15","author":"R
          G\u00f3mez-Bombarelli","year":"2016","unstructured":"G\u00f3mez-Bombarelli,
          R. et al. Design of efficient molecular organic light-emitting diodes by a
          high-throughput virtual screening and experimental approach. Nat. Mater. 15,
          1120\u20131127 (2016).","journal-title":"Nat. Mater."},{"key":"832_CR37","doi-asserted-by":"publisher","first-page":"89","DOI":"10.1038\/s41586-021-03213-y","volume":"590","author":"BJ
          Shields","year":"2021","unstructured":"Shields, B. J. et al. Bayesian reaction
          optimization as a tool for chemical synthesis. Nature 590, 89\u201396 (2021).","journal-title":"Nature"},{"key":"832_CR38","doi-asserted-by":"publisher","first-page":"19999","DOI":"10.1021\/jacs.2c08592","volume":"144","author":"JAG
          Torres","year":"2022","unstructured":"Torres, J. A. G. et al. A multi-objective
          active learning platform and web app for reaction optimization. J. Am. Chem.
          Soc. 144, 19999\u201320007 (2022).","journal-title":"J. Am. Chem. Soc."},{"key":"832_CR39","unstructured":"Ramos,
          M. C., Michtavy, S. S., Porosoff, M. D. & White, A. D. Bayesian optimization
          of catalysts with in-context learning. Preprint at https:\/\/arxiv.org\/abs\/2304.05341
          (2023)."},{"key":"832_CR40","doi-asserted-by":"crossref","unstructured":"Marra,
          G., Giannini, F., Diligenti, M. & Gori, M. Integrating learning and reasoning
          with deep logic models. In Proc. Machine Learning and Knowledge Discovery
          in Databases, Part II (eds. Hutter, F. et al.) 517\u2013532 (Springer, 2020).","DOI":"10.1007\/978-3-030-46147-8_31"},{"key":"832_CR41","first-page":"24824","volume":"35","author":"J
          Wei","year":"2022","unstructured":"Wei, J. et al. Chain-of-thought prompting
          elicits reasoning in large language models. Adv. Neural Inf. Process. Syst.
          35, 24824\u201324837 (2022).","journal-title":"Adv. Neural Inf. Process. Syst."},{"key":"832_CR42","doi-asserted-by":"crossref","unstructured":"Ho,
          N., Schmid, L. & Yun, S.-Y. Large language models are reasoning teachers.
          In Proc. 61st Annual Meeting of the Association for Computational Linguistics
          (Volume 1: Long Papers) (eds. Rogers, A. et al.) 14852\u201314882 (ACL, 2023).","DOI":"10.18653\/v1\/2023.acl-long.830"},{"key":"832_CR43","unstructured":"Yao,
          S. et al. ReAct: synergizing reasoning and acting in language models. In Proc.
          11th International Conference on Learning Representations (OpenReview, 2023)."},{"key":"832_CR44","first-page":"15476","volume":"35","author":"E
          Zelikman","year":"2022","unstructured":"Zelikman, E., Wu, Y., Mu, J. & Goodman,
          N. Star: bootstrapping reasoning with reasoning. Adv. Neural Inf. Process.
          Syst. 35, 15476\u201315488 (2022).","journal-title":"Adv. Neural Inf. Process.
          Syst."},{"key":"832_CR45","doi-asserted-by":"publisher","first-page":"266","DOI":"10.1039\/D2DD00004K","volume":"1","author":"Z-W
          Zhao","year":"2022","unstructured":"Zhao, Z.-W., del Cueto, M. & Troisi, A.
          Limitations of machine learning models when predicting compounds with completely
          new chemistries: possible improvements applied to the discovery of new non-fullerene
          acceptors. Digit. Discov. 1, 266\u2013276 (2022).","journal-title":"Digit.
          Discov."},{"key":"832_CR46","doi-asserted-by":"publisher","DOI":"10.1038\/s41467-021-22951-1","volume":"12","author":"AC
          Vaucher","year":"2021","unstructured":"Vaucher, A. C. et al. Inferring experimental
          procedures from text-based representations of chemical reactions. Nat. Commun.
          12, 2573 (2021).","journal-title":"Nat. Commun."},{"key":"832_CR47","doi-asserted-by":"publisher","first-page":"144","DOI":"10.1038\/s42256-020-00284-w","volume":"3","author":"P
          Schwaller","year":"2021","unstructured":"Schwaller, P. et al. Mapping the
          space of chemical reactions using attention-based neural networks. Nat. Mach.
          Intell. 3, 144\u2013152 (2021).","journal-title":"Nat. Mach. Intell."},{"key":"832_CR48","unstructured":"RXN
          for Chemistry. rxn4Chemistry. GitHub https:\/\/github.com\/rxn4chemistry\/rxn4chemistry
          (2020)."},{"key":"832_CR49","doi-asserted-by":"publisher","first-page":"154","DOI":"10.1039\/C9SC04944D","volume":"11","author":"A
          Thakkar","year":"2020","unstructured":"Thakkar, A., Kogej, T., Reymond, J.-L.,
          Engkvist, O. & Bjerrum, E. J. Datasets and their influence on the development
          of computer assisted synthesis planning tools in the pharmaceutical domain.
          Chem. Sci. 11, 154\u2013168 (2020).","journal-title":"Chem. Sci."},{"key":"832_CR50","doi-asserted-by":"publisher","first-page":"8791","DOI":"10.1021\/acs.jmedchem.9b01919","volume":"63","author":"A
          Thakkar","year":"2020","unstructured":"Thakkar, A., Selmi, N., Reymond, J.-L.,
          Engkvist, O. & Bjerrum, E. J. \u2018Ring breaker\u2019: neural network driven
          synthesis prediction of the ring system chemical space. J. Med. Chem. 63,
          8791\u20138808 (2020).","journal-title":"J. Med. Chem."},{"key":"832_CR51","unstructured":"Yang,
          Z. et al. Mm-react: prompting ChatGPT for multimodal reasoning and action.
          Preprint at https:\/\/arxiv.org\/abs\/2303.11381 (2023)."},{"key":"832_CR52","unstructured":"Shen,
          Y. et al. Hugginggpt: solving AI tasks with chatgpt and its friends in huggingface.
          Poster at Advances in Neural Information Processing Systems 36 (2023)."},{"key":"832_CR53","unstructured":"Karpas,
          E. et al. Mrkl systems: a modular, neuro-symbolic architecture that combines
          large language models, external knowledge sources and discrete reasoning.
          Preprint at https:\/\/arxiv.org\/abs\/2205.00445 (2022)."},{"key":"832_CR54","doi-asserted-by":"publisher","first-page":"570","DOI":"10.1038\/s41586-023-06792-0","volume":"624","author":"DA
          Boiko","year":"2023","unstructured":"Boiko, D. A., MacKnight, R., Kline, B.
          & Gomes, G. Autonomous chemical research with large language models. Nature
          624, 570\u2013578 (2023).","journal-title":"Nature"},{"key":"832_CR55","unstructured":"RoboRXN.
          IBM https:\/\/research.ibm.com\/science\/ibm-roborxn\/ (2021)."},{"key":"832_CR56","doi-asserted-by":"publisher","first-page":"407","DOI":"10.1002\/chem.200390042","volume":"9","author":"A
          Wittkopp","year":"2003","unstructured":"Wittkopp, A. & Schreiner, P. R. Metal-free,
          noncovalent catalysis of Diels-Alder reactions by neutral hydrogen bond donors
          in organic solvents and in water. Chem. Eur. J. 9, 407\u2013414 (2003).","journal-title":"Chem.
          Eur. J."},{"key":"832_CR57","doi-asserted-by":"publisher","first-page":"217","DOI":"10.1021\/ol017117s","volume":"4","author":"PR
          Schreiner","year":"2002","unstructured":"Schreiner, P. R. & Wittkopp, A. H-bonding
          additives act like Lewis acid catalysts. Org. Lett. 4, 217\u2013220 (2002).","journal-title":"Org.
          Lett."},{"key":"832_CR58","doi-asserted-by":"publisher","first-page":"6576","DOI":"10.1002\/anie.200500227","volume":"44","author":"RP
          Herrera","year":"2005","unstructured":"Herrera, R. P., Sgarzani, V., Bernardi,
          L. & Ricci, A. Catalytic enantioselective friedel-crafts alkylation of indoles
          with nitroalkenes by using a simple thiourea organocatalyst. Angew. Chem.
          Int. Ed. Engl. 44, 6576\u20136579 (2005).","journal-title":"Angew. Chem. Int.
          Ed. Engl."},{"key":"832_CR59","doi-asserted-by":"publisher","first-page":"12672","DOI":"10.1021\/ja036972z","volume":"125","author":"T
          Okino","year":"2003","unstructured":"Okino, T., Hoashi, Y. & Takemoto, Y.
          Enantioselective Michael reaction of malonates to nitroolefins catalyzed by
          bifunctional organocatalysts. J. Am. Chem. Soc. 125, 12672\u201312673 (2003).","journal-title":"J.
          Am. Chem. Soc."},{"key":"832_CR60","unstructured":"Joung, J. F., Han, M.,
          Jeong, M. & Park, S. DB for chromophore. figshare https:\/\/figshare.com\/articles\/dataset\/DB_for_chromophore\/12045567
          (2020)."},{"key":"832_CR61","unstructured":"Lowe, D. M. Extraction of Chemical
          Structures and Reactions from the Literature. PhD thesis, Univ. of Cambridge
          (2012)."},{"key":"832_CR62","doi-asserted-by":"publisher","first-page":"513","DOI":"10.1039\/C7SC02664A","volume":"9","author":"Z
          Wu","year":"2018","unstructured":"Wu, Z. et al. Moleculenet: a benchmark for
          molecular machine learning. Chem. Sci. 9, 513\u2013530 (2018).","journal-title":"Chem.
          Sci."},{"key":"832_CR63","doi-asserted-by":"crossref","unstructured":"Liu,
          Y. et al. G-Eval: NLG evaluation using GPT-4 with better human alignment.
          In Proc. Conference on Empirical Methods in Natural Language Processing (eds.
          Bouamor, H. et al.) 2511\u20132522 (ACL, 2023).","DOI":"10.18653\/v1\/2023.emnlp-main.153"},{"key":"832_CR64","unstructured":"Eloundou,
          T., Manning, S., Mishkin, P. & Rock, D. GPTs are GPTs: an early look at the
          labor market impact potential of large language models. Preprint at https:\/\/arxiv.org\/abs\/2303.10130
          (2023)."},{"key":"832_CR65","doi-asserted-by":"publisher","first-page":"e1630","DOI":"10.1002\/wcms.1630","volume":"13","author":"BA
          Grzybowski","year":"2023","unstructured":"Grzybowski, B. A., Badowski, T.,
          Molga, K. & Szymkuc, S. Network search algorithms and scoring functions for
          advanced-level computerized synthesis planning. Wiley Interdiscip. Rev. Comput.
          Mol. Sci. 13, e1630 (2023).","journal-title":"Wiley Interdiscip. Rev. Comput.
          Mol. Sci."},{"key":"832_CR66","doi-asserted-by":"publisher","first-page":"27","DOI":"10.1039\/D0RE00340A","volume":"6","author":"A
          Thakkar","year":"2021","unstructured":"Thakkar, A. et al. Artificial intelligence
          and automation in computer aided synthesis planning. React. Chem. Eng. 6,
          27\u201351 (2021).","journal-title":"React. Chem. Eng."},{"key":"832_CR67","doi-asserted-by":"publisher","first-page":"189","DOI":"10.1038\/s42256-022-00465-9","volume":"4","author":"F
          Urbina","year":"2022","unstructured":"Urbina, F., Lentzos, F., Invernizzi,
          C. & Ekins, S. Dual use of artificial-intelligence-powered drug discovery.
          Nat. Mach. Intell. 4, 189\u2013191 (2022).","journal-title":"Nat. Mach. Intell."},{"key":"832_CR68","doi-asserted-by":"publisher","first-page":"607","DOI":"10.1038\/s42256-022-00511-6","volume":"4","author":"F
          Urbina","year":"2022","unstructured":"Urbina, F., Lentzos, F., Invernizzi,
          C. & Ekins, S. A teachable moment for dual-use. Nat. Mach. Intell. 4, 607\u2013607
          (2022).","journal-title":"Nat. Mach. Intell."},{"key":"832_CR69","unstructured":"Campbell,
          Q. L., Herington, J. & White, A. D. Censoring chemical data to mitigate dual
          use risk. Preprint at https:\/\/arxiv.org\/abs\/2304.10510 (2023)."},{"key":"832_CR70","unstructured":"Gao,
          L., Schulman, J. & Hilton, J. Scaling laws for reward model overoptimization.
          In Proc. International Conference on Machine Learning (eds Krause, A. et al.)
          10835\u201310866 (PMLR, 2023)."},{"key":"832_CR71","unstructured":"Radford,
          A. et al. Improving language understanding by generative pre-training. OpenAI
          blog https:\/\/cdn.openai.com\/research-covers\/language-unsupervised\/language_understanding_paper.pdf
          (2018)."},{"key":"832_CR72","first-page":"1\u201346","volume":"55","author":"B
          Li","year":"2021","unstructured":"Li, B. et al. Trustworthy AI: from principles
          to practices. ACM Comput. Surv. 55, 1\u201346 (2021).","journal-title":"ACM
          Comput. Surv."},{"key":"832_CR73","doi-asserted-by":"publisher","first-page":"79","DOI":"10.1039\/D1DD00009H","volume":"1","author":"GM
          Hocky","year":"2022","unstructured":"Hocky, G. M. & White, A. D. Natural language
          processing models that automate programming will transform chemistry research
          and teaching. Dig. Discov. 1, 79\u201383 (2022).","journal-title":"Dig. Discov."},{"key":"832_CR74","doi-asserted-by":"crossref","unstructured":"Henderson,
          P. et al. Foundation models and fair use. Preprint at https:\/\/arxiv.org\/abs\/2303.15715
          (2023).","DOI":"10.2139\/ssrn.4404340"},{"key":"832_CR75","unstructured":"Askell,
          A., Brundage, M. & Hadfield, G. The role of cooperation in responsible AI
          development. Preprint at https:\/\/arxiv.org\/abs\/1907.04534 (2019)."},{"key":"832_CR76","doi-asserted-by":"publisher","first-page":"101649","DOI":"10.1016\/j.techsoc.2021.101649","volume":"66","author":"RD
          Neufville","year":"2021","unstructured":"Neufville, R. D. & Baum, S. D. Collective
          action on artificial intelligence: a primer and review. Technol. Soc. 66,
          101649 (2021).","journal-title":"Technol. Soc."},{"key":"832_CR77","unstructured":"Touvron,
          H. et al. Llama: open and efficient foundation language models. Preprint at
          https:\/\/arxiv.org\/abs\/2302.13971 (2023)."},{"key":"832_CR78","unstructured":"Chiang,
          W.-L. et al. Vicuna: an open-source chatbot impressing GPT-4 with 90%* ChatGPT
          quality. LMSYS Org. https:\/\/lmsys.org\/blog\/2023-03-30-vicuna\/ (2023)."},{"key":"832_CR79","unstructured":"Mukherjee,
          S. et al. Orca: progressive learning from complex explanation traces of GPT-4.
          Preprint at https:\/\/arxiv.org\/abs\/2306.02707 (2023)."},{"key":"832_CR80","unstructured":"Chase,
          H. LangChain. GitHub https:\/\/github.com\/hwchase17\/langchain (2022)."},{"key":"832_CR81","doi-asserted-by":"crossref","unstructured":"Press,
          O. et al. Measuring and narrowing the compositionality gap in language models.
          In Proc. Association for Computational Linguistics: EMNLP (eds. Bouamor, H.
          et al.) 5687\u20135711 (ACL, 2023).","DOI":"10.18653\/v1\/2023.findings-emnlp.378"},{"key":"832_CR82","unstructured":"Google
          search API. SerpApi https:\/\/serpapi.com\/ (2023)."},{"key":"832_CR83","unstructured":"Neelakantan,
          A. et al. Text and code embeddings by contrastive pre-training. Preprint at
          https:\/\/arxiv.org\/abs\/2201.10005 (2022)."},{"key":"832_CR84","doi-asserted-by":"publisher","first-page":"535","DOI":"10.1109\/TBDATA.2019.2921572","volume":"7","author":"J
          Johnson","year":"2019","unstructured":"Johnson, J., Douze, M. & J\u00e9gou,
          H. Billion-scale similarity search with GPUs. IEEE Trans. Big Data 7, 535\u2013547
          (2019).","journal-title":"IEEE Trans. Big Data"},{"key":"832_CR85","unstructured":"ChemSpace
          https:\/\/chem-space.com\/ (2023)."},{"key":"832_CR86","unstructured":"National
          Center for Biotechnology Information. PubChem. NIH https:\/\/pubchem.ncbi.nlm.nih.gov\/
          (2023)."},{"key":"832_CR87","doi-asserted-by":"publisher","first-page":"95","DOI":"10.1186\/s13321-023-00765-1","volume":"15","author":"J
          Medina","year":"2023","unstructured":"Medina, J. & White, A. D. Bloom filters
          for molecules. J. Cheminf. 15, 95 (2023).","journal-title":"J. Cheminf."},{"key":"832_CR88","doi-asserted-by":"publisher","first-page":"6065","DOI":"10.1021\/acs.jcim.0c00675","volume":"60","author":"JJ
          Irwin","year":"2020","unstructured":"Irwin, J. J. et al. Zinc20\u2014a free
          ultralarge-scale chemical database for ligand discovery. J. Chem. Inf. Model.
          60, 6065\u20136073 (2020).","journal-title":"J. Chem. Inf. Model."},{"key":"832_CR89","unstructured":"Chemical
          Abstracts Service. CAS registry number. CAS www.cas.org\/content\/cas-registry
          (2023)."},{"key":"832_CR90","unstructured":"Tanimoto, T. T. An Elementary
          Mathematical Theory of Classification and Prediction (IBM, 1958)."},{"key":"832_CR91","doi-asserted-by":"publisher","first-page":"742","DOI":"10.1021\/ci100050t","volume":"50","author":"D
          Rogers","year":"2010","unstructured":"Rogers, D. & Hahn, M. Extended-connectivity
          fingerprints. J. Chem. Inf. Model. 50, 742\u2013754 (2010).","journal-title":"J.
          Chem. Inf. Model."},{"key":"832_CR92","unstructured":"White, A. D. Synspace.
          GitHub https:\/\/github.com\/whitead\/synspace (2023)."},{"key":"832_CR93","doi-asserted-by":"publisher","first-page":"3697","DOI":"10.1039\/D1SC05259D","volume":"13","author":"GP
          Wellawatte","year":"2022","unstructured":"Wellawatte, G. P., Seshadri, A.
          & White, A. D. Model agnostic generation of counterfactual explanations for
          molecules. Chem. Sci. 13, 3697\u20133705 (2022).","journal-title":"Chem. Sci."},{"key":"832_CR94","doi-asserted-by":"publisher","first-page":"3093","DOI":"10.1021\/ci200379p","volume":"51","author":"M
          Hartenfeller","year":"2011","unstructured":"Hartenfeller, M. et al. A collection
          of robust organic synthesis reactions for in silico molecule design. J. Chem.
          Inf. Model. 51, 3093\u20133098 (2011).","journal-title":"J. Chem. Inf. Model."},{"key":"832_CR95","doi-asserted-by":"publisher","first-page":"12152","DOI":"10.1039\/C9CC05122H","volume":"55","author":"Q
          Yang","year":"2019","unstructured":"Yang, Q. et al. Molecular transformer
          unifies reaction prediction and retrosynthesis across pharma chemical space.
          Chem. Commun. 55, 12152\u201312155 (2019).","journal-title":"Chem. Commun."},{"key":"832_CR96","unstructured":"Purchasable
          Mcule. Mcule https:\/\/purchasable.mcule.com\/ (2023)."},{"key":"832_CR97","unstructured":"RDKit:
          open-source cheminformatics (RDKit, 2023); www.rdkit.org"},{"key":"832_CR98","unstructured":"Chemical
          weapons convention, annex on chemicals, b. schedules of chemicals. OPCW www.opcw.org\/chemical-weapons-convention\/annexes\/annex-chemicals\/annex-chemicals
          (2024)."},{"key":"832_CR99","unstructured":"The Australia Group. Australia
          Group common control lists: chemical weapons precursors. Department of Foreign
          Affairs and Trade www.dfat.gov.au\/publications\/minisite\/theaustraliagroupnet\/site\/en\/controllists.html
          (2023)."},{"key":"832_CR100","unstructured":"Namerxn (NextMove Software, 2023);
          www.nextmovesoftware.com\/namerxn.html"},{"key":"832_CR101","doi-asserted-by":"publisher","first-page":"2337","DOI":"10.1039\/b602413k","volume":"4","author":"JS
          Carey","year":"2006","unstructured":"Carey, J. S., Laffan, D., Thomson, C.
          & Williams, M. T. Analysis of the reactions used for the preparation of drug
          candidate molecules. Org. Biomol. Chem. 4, 2337\u20132347 (2006).","journal-title":"Org.
          Biomol. Chem."},{"key":"832_CR102","doi-asserted-by":"publisher","unstructured":"Bran,
          A. & Cox, S. ur-whitelab\/chemcrow-runs: Zendo release. Zenodo https:\/\/doi.org\/10.5281\/zenodo.10884645
          (2024).","DOI":"10.5281\/zenodo.10884645"},{"key":"832_CR103","doi-asserted-by":"publisher","unstructured":"Bran,
          A., Cox, S., White, A. & Schwaller, P. ur-whitelab\/chemcrow-public: v0.3.24.
          Zenodo https:\/\/doi.org\/10.5281\/zenodo.10884639 (2024).","DOI":"10.5281\/zenodo.10884639"}],"container-title":["Nature
          Machine Intelligence"],"original-title":[],"language":"en","link":[{"URL":"https:\/\/www.nature.com\/articles\/s42256-024-00832-8.pdf","content-type":"application\/pdf","content-version":"vor","intended-application":"text-mining"},{"URL":"https:\/\/www.nature.com\/articles\/s42256-024-00832-8","content-type":"text\/html","content-version":"vor","intended-application":"text-mining"},{"URL":"https:\/\/www.nature.com\/articles\/s42256-024-00832-8.pdf","content-type":"application\/pdf","content-version":"vor","intended-application":"similarity-checking"}],"deposited":{"date-parts":[[2024,5,23]],"date-time":"2024-05-23T23:03:31Z","timestamp":1716505411000},"score":1,"resource":{"primary":{"URL":"https:\/\/www.nature.com\/articles\/s42256-024-00832-8"}},"subtitle":[],"short-title":[],"issued":{"date-parts":[[2024,5,8]]},"references-count":103,"journal-issue":{"issue":"5","published-online":{"date-parts":[[2024,5]]}},"alternative-id":["832"],"URL":"http:\/\/dx.doi.org\/10.1038\/s42256-024-00832-8","relation":{},"ISSN":["2522-5839"],"issn-type":[{"value":"2522-5839","type":"electronic"}],"subject":[],"published":{"date-parts":[[2024,5,8]]},"assertion":[{"value":"13
          September 2023","order":1,"name":"received","label":"Received","group":{"name":"ArticleHistory","label":"Article
          History"}},{"value":"27 March 2024","order":2,"name":"accepted","label":"Accepted","group":{"name":"ArticleHistory","label":"Article
          History"}},{"value":"8 May 2024","order":3,"name":"first_online","label":"First
          Online","group":{"name":"ArticleHistory","label":"Article History"}},{"value":"A.D.W.
          has served as a paid consultant for evaluating AI model safety at OpenAI.
          The other authors declare no competing interests.","order":1,"name":"Ethics","group":{"name":"EthicsHeading","label":"Competing
          interests"}}]}}'
      headers:
        Access-Control-Allow-Headers:
          - X-Requested-With, Accept, Accept-Encoding, Accept-Charset, Accept-Language,
            Accept-Ranges, Cache-Control
        Access-Control-Allow-Origin:
          - "*"
        Access-Control-Expose-Headers:
          - Link
        Connection:
          - close
        Content-Encoding:
          - gzip
        Content-Length:
          - "10521"
        Content-Type:
          - application/json
        Date:
          - Wed, 04 Sep 2024 22:52:15 GMT
        Server:
          - Jetty(9.4.40.v20210413)
        Vary:
          - Accept-Encoding
        permissions-policy:
          - interest-cohort=()
        x-api-pool:
          - plus
        x-rate-limit-interval:
          - 1s
        x-rate-limit-limit:
          - "150"
        x-ratelimit-interval:
          - 1s
        x-ratelimit-limit:
          - "150"
      status:
        code: 200
        message: OK
  - request:
      body: null
      headers: {}
      method: GET
      uri: https://api.crossref.org/works/10.1023%2Fa:1007154515475?mailto=example@papercrow.ai
    response:
      body:
        string:
          '{"status":"ok","message-type":"work","message-version":"1.0.0","message":{"indexed":{"date-parts":[[2024,1,21]],"date-time":"2024-01-21T17:53:48Z","timestamp":1705859628791},"reference-count":0,"publisher":"Springer
          Science and Business Media LLC","issue":"1\/2","content-domain":{"domain":[],"crossmark-restriction":false},"short-container-title":[],"published-print":{"date-parts":[[2001]]},"DOI":"10.1023\/a:1007154515475","type":"journal-article","created":{"date-parts":[[2002,12,22]],"date-time":"2002-12-22T09:07:15Z","timestamp":1040548035000},"page":"1-11","source":"Crossref","is-referenced-by-count":6,"title":[],"prefix":"10.1007","volume":"218","author":[{"given":"Subrata","family":"Adak","sequence":"first","affiliation":[]},{"given":"Debashis","family":"Bandyopadhyay","sequence":"additional","affiliation":[]},{"given":"Uday","family":"Bandyopadhyay","sequence":"additional","affiliation":[]},{"given":"Ranajit
          K.","family":"Banerjee","sequence":"additional","affiliation":[]}],"member":"297","container-title":["Molecular
          and Cellular Biochemistry"],"original-title":[],"deposited":{"date-parts":[[2012,12,27]],"date-time":"2012-12-27T23:10:34Z","timestamp":1356649834000},"score":1,"resource":{"primary":{"URL":"http:\/\/link.springer.com\/10.1023\/A:1007154515475"}},"subtitle":[],"short-title":[],"issued":{"date-parts":[[2001]]},"references-count":0,"journal-issue":{"issue":"1\/2"},"alternative-id":["271450"],"URL":"http:\/\/dx.doi.org\/10.1023\/a:1007154515475","relation":{},"ISSN":["0300-8177"],"issn-type":[{"value":"0300-8177","type":"print"}],"subject":[],"published":{"date-parts":[[2001]]}}}'
      headers:
        Access-Control-Allow-Headers:
          - X-Requested-With, Accept, Accept-Encoding, Accept-Charset, Accept-Language,
            Accept-Ranges, Cache-Control
        Access-Control-Allow-Origin:
          - "*"
        Access-Control-Expose-Headers:
          - Link
        Connection:
          - close
        Content-Encoding:
          - gzip
        Content-Length:
          - "762"
        Content-Type:
          - application/json
        Date:
          - Wed, 04 Sep 2024 22:52:15 GMT
        Server:
          - Jetty(9.4.40.v20210413)
        Vary:
          - Accept-Encoding
        permissions-policy:
          - interest-cohort=()
        x-api-pool:
          - plus
        x-rate-limit-interval:
          - 1s
        x-rate-limit-limit:
          - "150"
        x-ratelimit-interval:
          - 1s
        x-ratelimit-limit:
          - "150"
      status:
        code: 200
        message: OK
  - request:
      body: null
      headers: {}
      method: GET
      uri: https://api.crossref.org/works/10.1007%2Fs40278-023-41815-2?mailto=example@papercrow.ai
    response:
      body:
        string:
          '{"status":"ok","message-type":"work","message-version":"1.0.0","message":{"indexed":{"date-parts":[[2023,6,24]],"date-time":"2023-06-24T04:17:17Z","timestamp":1687580237047},"reference-count":1,"publisher":"Springer
          Science and Business Media LLC","issue":"1","license":[{"start":{"date-parts":[[2023,6,24]],"date-time":"2023-06-24T00:00:00Z","timestamp":1687564800000},"content-version":"tdm","delay-in-days":0,"URL":"https:\/\/www.springernature.com\/gp\/researchers\/text-and-data-mining"},{"start":{"date-parts":[[2023,6,24]],"date-time":"2023-06-24T00:00:00Z","timestamp":1687564800000},"content-version":"vor","delay-in-days":0,"URL":"https:\/\/www.springernature.com\/gp\/researchers\/text-and-data-mining"}],"content-domain":{"domain":[],"crossmark-restriction":false},"short-container-title":["Reactions
          Weekly"],"DOI":"10.1007\/s40278-023-41815-2","type":"journal-article","created":{"date-parts":[[2023,6,23]],"date-time":"2023-06-23T18:42:29Z","timestamp":1687545749000},"page":"145-145","source":"Crossref","is-referenced-by-count":0,"title":["Convalescent-anti-sars-cov-2-plasma\/immune-globulin"],"prefix":"10.1007","volume":"1962","member":"297","published-online":{"date-parts":[[2023,6,24]]},"reference":[{"key":"41815_CR1","doi-asserted-by":"crossref","unstructured":"Delgado-Fernandez
          M, et al. Treatment of COVID-19 with convalescent plasma in patients with
          humoral immunodeficiency - Three consecutive cases and review of the literature.
          Enfermedades Infecciosas Y Microbiologia Clinica 40\n: 507-516, No. 9, Nov
          2022. Available from: URL: \nhttps:\/\/seimc.org\/","DOI":"10.1016\/j.eimce.2021.01.009"}],"container-title":["Reactions
          Weekly"],"original-title":[],"language":"en","link":[{"URL":"https:\/\/link.springer.com\/content\/pdf\/10.1007\/s40278-023-41815-2.pdf","content-type":"application\/pdf","content-version":"vor","intended-application":"text-mining"},{"URL":"https:\/\/link.springer.com\/article\/10.1007\/s40278-023-41815-2\/fulltext.html","content-type":"text\/html","content-version":"vor","intended-application":"text-mining"},{"URL":"https:\/\/link.springer.com\/content\/pdf\/10.1007\/s40278-023-41815-2.pdf","content-type":"application\/pdf","content-version":"vor","intended-application":"similarity-checking"}],"deposited":{"date-parts":[[2023,6,23]],"date-time":"2023-06-23T19:23:18Z","timestamp":1687548198000},"score":1,"resource":{"primary":{"URL":"https:\/\/link.springer.com\/10.1007\/s40278-023-41815-2"}},"subtitle":["Fever
          and mild decrease in baseline oxygen saturation following off-label use: 3
          case reports"],"short-title":[],"issued":{"date-parts":[[2023,6,24]]},"references-count":1,"journal-issue":{"issue":"1","published-online":{"date-parts":[[2023,6]]}},"alternative-id":["41815"],"URL":"http:\/\/dx.doi.org\/10.1007\/s40278-023-41815-2","relation":{},"ISSN":["1179-2051"],"issn-type":[{"value":"1179-2051","type":"electronic"}],"subject":[],"published":{"date-parts":[[2023,6,24]]}}}'
      headers:
        Access-Control-Allow-Headers:
          - X-Requested-With, Accept, Accept-Encoding, Accept-Charset, Accept-Language,
            Accept-Ranges, Cache-Control
        Access-Control-Allow-Origin:
          - "*"
        Access-Control-Expose-Headers:
          - Link
        Connection:
          - close
        Content-Encoding:
          - gzip
        Content-Length:
          - "1163"
        Content-Type:
          - application/json
        Date:
          - Wed, 04 Sep 2024 22:52:15 GMT
        Server:
          - Jetty(9.4.40.v20210413)
        Vary:
          - Accept-Encoding
        permissions-policy:
          - interest-cohort=()
        x-api-pool:
          - plus
        x-rate-limit-interval:
          - 1s
        x-rate-limit-limit:
          - "150"
        x-ratelimit-interval:
          - 1s
        x-ratelimit-limit:
          - "150"
      status:
        code: 200
        message: OK
  - request:
      body: null
      headers: {}
      method: GET
      uri: https://api.crossref.org/works/10.48550%2Farxiv.2312.07559?mailto=example@papercrow.ai
    response:
      body:
        string: Resource not found.
      headers:
        Access-Control-Allow-Headers:
          - X-Requested-With, Accept, Accept-Encoding, Accept-Charset, Accept-Language,
            Accept-Ranges, Cache-Control
        Access-Control-Allow-Origin:
          - "*"
        Access-Control-Expose-Headers:
          - Link
        Connection:
          - close
        Content-Type:
          - text/plain
        Date:
          - Wed, 04 Sep 2024 22:52:15 GMT
        Server:
          - Jetty(9.4.40.v20210413)
        Transfer-Encoding:
          - chunked
        permissions-policy:
          - interest-cohort=()
        x-api-pool:
          - plus
        x-rate-limit-interval:
          - 1s
        x-rate-limit-limit:
          - "150"
        x-ratelimit-interval:
          - 1s
        x-ratelimit-limit:
          - "150"
      status:
        code: 404
        message: Not Found
  - request:
      body: null
      headers: {}
      method: GET
      uri: https://api.crossref.org/works/10.1101%2F2024.04.01.587366?mailto=example@papercrow.ai
    response:
      body:
        string:
          '{"status":"ok","message-type":"work","message-version":"1.0.0","message":{"institution":[{"name":"bioRxiv"}],"indexed":{"date-parts":[[2024,4,5]],"date-time":"2024-04-05T00:42:23Z","timestamp":1712277743507},"posted":{"date-parts":[[2024,4,1]]},"group-title":"Genomics","reference-count":50,"publisher":"Cold
          Spring Harbor Laboratory","content-domain":{"domain":[],"crossmark-restriction":false},"short-container-title":[],"accepted":{"date-parts":[[2024,4,1]]},"abstract":"<jats:title>ABSTRACT<\/jats:title><jats:p>Understanding
          the effects of rare genetic variants remains challenging, both in coding and
          non-coding regions. While multiplexed assays of variant effect (MAVEs) have
          enabled scalable functional assessment of variants, established MAVEs are
          limited by either exogenous expression of variants or constraints of genome
          editing. Here, we introduce a pooled prime editing (PE) platform in haploid
          human cells to scalably assay variants in their endogenous context. We first
          optimized delivery of variants to HAP1 cells, defining optimal pegRNA designs
          and establishing a co-selection strategy for improved efficiency. We characterize
          our platform in the context of negative selection by testing over 7,500 pegRNAs
          targeting<jats:italic>SMARCB1<\/jats:italic>for editing activity and observing
          depletion of highly active pegRNAs installing loss-of-function variants. We
          next assess variants in<jats:italic>MLH1<\/jats:italic>via 6-thioguanine selection,
          assaying 65.3% of all possible SNVs in a 200-bp region spanning exon 10 and
          distinguishing LoF variants with high accuracy. Lastly, we assay 362 non-coding<jats:italic>MLH1<\/jats:italic>variants
          across a 60 kb region in a single experiment, identifying pathogenic variants
          acting via multiple mechanisms with high specificity. Our analyses detail
          how filtering for highly active pegRNAs can facilitate both positive and negative
          selection screens. Accordingly, our platform promises to enable highly scalable
          functional assessment of human variants.<\/jats:p>","DOI":"10.1101\/2024.04.01.587366","type":"posted-content","created":{"date-parts":[[2024,4,2]],"date-time":"2024-04-02T02:05:17Z","timestamp":1712023517000},"source":"Crossref","is-referenced-by-count":0,"title":["High-throughput
          screening of human genetic variants by pooled prime editing"],"prefix":"10.1101","author":[{"given":"Michael","family":"Herger","sequence":"first","affiliation":[]},{"given":"Christina
          M.","family":"Kajba","sequence":"additional","affiliation":[]},{"given":"Megan","family":"Buckley","sequence":"additional","affiliation":[]},{"given":"Ana","family":"Cunha","sequence":"additional","affiliation":[]},{"given":"Molly","family":"Strom","sequence":"additional","affiliation":[]},{"ORCID":"http:\/\/orcid.org\/0000-0002-7767-8608","authenticated-orcid":false,"given":"Gregory
          M.","family":"Findlay","sequence":"additional","affiliation":[]}],"member":"246","reference":[{"key":"2024040415500652000_2024.04.01.587366v1.1","doi-asserted-by":"publisher","DOI":"10.1038\/gim.2015.30"},{"key":"2024040415500652000_2024.04.01.587366v1.2","doi-asserted-by":"crossref","first-page":"116","DOI":"10.1016\/j.cels.2017.11.003","article-title":"Quantitative
          Missense Variant Effect Prediction Using Large-Scale Mutagenesis Data","volume":"6","year":"2018","journal-title":"Cell
          Syst"},{"key":"2024040415500652000_2024.04.01.587366v1.3","doi-asserted-by":"publisher","DOI":"10.1126\/science.abi8207"},{"key":"2024040415500652000_2024.04.01.587366v1.4","doi-asserted-by":"publisher","DOI":"10.1016\/J.CELL.2018.12.015"},{"key":"2024040415500652000_2024.04.01.587366v1.5","doi-asserted-by":"crossref","first-page":"eabn8153","DOI":"10.1126\/science.abn8197","article-title":"The
          landscape of tolerated genetic variation in humans and primates","volume":"380","year":"2023","journal-title":"Science"},{"key":"2024040415500652000_2024.04.01.587366v1.6","doi-asserted-by":"crossref","first-page":"eadg7492","DOI":"10.1126\/science.adg7492","article-title":"Accurate
          proteome-wide missense variant effect prediction with AlphaMissense","volume":"381","year":"2023","journal-title":"Science"},{"key":"2024040415500652000_2024.04.01.587366v1.7","doi-asserted-by":"publisher","DOI":"10.1093\/nar\/gkv1222"},{"key":"2024040415500652000_2024.04.01.587366v1.8","doi-asserted-by":"crossref","first-page":"1381","DOI":"10.1038\/s41436-021-01172-3","article-title":"ACMG
          SF v3.0 list for reporting of secondary findings in clinical exome and genome
          sequencing: a policy statement of the American College of Medical Genetics
          and Genomics (ACMG)","volume":"23","year":"2021","journal-title":"Genet. Med"},{"key":"2024040415500652000_2024.04.01.587366v1.9","doi-asserted-by":"publisher","DOI":"10.1038\/nprot.2016.135"},{"key":"2024040415500652000_2024.04.01.587366v1.10","doi-asserted-by":"publisher","DOI":"10.1093\/hmg\/ddab219"},{"key":"2024040415500652000_2024.04.01.587366v1.11","doi-asserted-by":"publisher","DOI":"10.1038\/s41467-019-11526-w"},{"key":"2024040415500652000_2024.04.01.587366v1.12","doi-asserted-by":"publisher","DOI":"10.1186\/s13059-022-02839-z"},{"key":"2024040415500652000_2024.04.01.587366v1.13","doi-asserted-by":"crossref","first-page":"2248","DOI":"10.1016\/j.ajhg.2021.11.001","article-title":"Closing
          the gap: Systematic integration of multiplexed functional data resolves variants
          of uncertain significance in BRCA1, TP53, and PTEN","volume":"108","year":"2021","journal-title":"Am.
          J. Hum. Genet."},{"key":"2024040415500652000_2024.04.01.587366v1.14","doi-asserted-by":"publisher","DOI":"10.1038\/s41586-018-0461-z"},{"key":"2024040415500652000_2024.04.01.587366v1.15","doi-asserted-by":"publisher","DOI":"10.1016\/j.ajhg.2020.10.015"},{"key":"2024040415500652000_2024.04.01.587366v1.16","doi-asserted-by":"crossref","first-page":"7702","DOI":"10.1038\/s41467-023-43041-4","article-title":"Saturation
          genome editing of DDX3X clarifies pathogenicity of germline and somatic variation","volume":"14","year":"2023","journal-title":"Nat.
          Commun"},{"key":"2024040415500652000_2024.04.01.587366v1.17","doi-asserted-by":"publisher","DOI":"10.1038\/nature13695"},{"key":"2024040415500652000_2024.04.01.587366v1.18","doi-asserted-by":"publisher","DOI":"10.1016\/j.cell.2021.01.012"},{"key":"2024040415500652000_2024.04.01.587366v1.19","doi-asserted-by":"publisher","DOI":"10.1016\/j.cell.2021.01.041"},{"key":"2024040415500652000_2024.04.01.587366v1.20","doi-asserted-by":"publisher","DOI":"10.1038\/s41586-019-1711-4"},{"key":"2024040415500652000_2024.04.01.587366v1.21","doi-asserted-by":"crossref","first-page":"288","DOI":"10.1016\/j.ccell.2022.12.009","article-title":"Base
          editing screens map mutations affecting interferon-\u03b3 signaling in cancer","volume":"41","year":"2023","journal-title":"Cancer
          Cell"},{"key":"2024040415500652000_2024.04.01.587366v1.22","doi-asserted-by":"publisher","DOI":"10.1016\/j.cell.2021.09.018"},{"key":"2024040415500652000_2024.04.01.587366v1.23","doi-asserted-by":"crossref","first-page":"402","DOI":"10.1038\/s41587-021-01039-7","article-title":"Engineered
          pegRNAs improve prime editing efficiency","volume":"40","year":"2022","journal-title":"Nat.
          Biotechnol"},{"key":"2024040415500652000_2024.04.01.587366v1.24","doi-asserted-by":"publisher","DOI":"10.1038\/s41587-021-01201-1"},{"key":"2024040415500652000_2024.04.01.587366v1.25","doi-asserted-by":"publisher","DOI":"10.1016\/j.molcel.2023.11.021"},{"key":"2024040415500652000_2024.04.01.587366v1.26","doi-asserted-by":"publisher","DOI":"10.1038\/nature10348"},{"key":"2024040415500652000_2024.04.01.587366v1.27","doi-asserted-by":"publisher","DOI":"10.1126\/science.1247005"},{"key":"2024040415500652000_2024.04.01.587366v1.28","doi-asserted-by":"crossref","first-page":"1151","DOI":"10.1038\/s41587-022-01613-7","article-title":"Predicting
          prime editing efficiency and product purity by deep learning","volume":"41","year":"2023","journal-title":"Nat.
          Biotechnol"},{"key":"2024040415500652000_2024.04.01.587366v1.29","doi-asserted-by":"crossref","first-page":"2256","DOI":"10.1016\/j.cell.2023.03.034","article-title":"Prediction
          of efficiencies for diverse prime editing systems in multiple cell types","volume":"186","year":"2023","journal-title":"Cell"},{"key":"2024040415500652000_2024.04.01.587366v1.30","doi-asserted-by":"publisher","DOI":"10.1101\/2022.10.26.513842"},{"key":"2024040415500652000_2024.04.01.587366v1.31","doi-asserted-by":"publisher","DOI":"10.1038\/s41587-021-01172-3"},{"key":"2024040415500652000_2024.04.01.587366v1.32","doi-asserted-by":"publisher","DOI":"10.1038\/s41587-020-0677-y"},{"key":"2024040415500652000_2024.04.01.587366v1.33","doi-asserted-by":"publisher","DOI":"10.1016\/j.tibtech.2018.07.017"},{"key":"2024040415500652000_2024.04.01.587366v1.34","doi-asserted-by":"publisher","DOI":"10.1038\/s41467-020-20810-z"},{"key":"2024040415500652000_2024.04.01.587366v1.35","doi-asserted-by":"crossref","first-page":"5909","DOI":"10.1038\/s41467-022-33669-z","article-title":"Marker-free
          co-selection for successive rounds of prime editing in human cells","volume":"13","year":"2022","journal-title":"Nat.
          Commun"},{"key":"2024040415500652000_2024.04.01.587366v1.36","doi-asserted-by":"publisher","DOI":"10.1016\/j.cell.2013.12.001"},{"key":"2024040415500652000_2024.04.01.587366v1.37","doi-asserted-by":"publisher","DOI":"10.1038\/s41467-018-02974-x"},{"key":"2024040415500652000_2024.04.01.587366v1.38","doi-asserted-by":"publisher","DOI":"10.1038\/s41467-021-27838-9"},{"key":"2024040415500652000_2024.04.01.587366v1.39","doi-asserted-by":"publisher","DOI":"10.1126\/science.1225829"},{"key":"2024040415500652000_2024.04.01.587366v1.40","doi-asserted-by":"publisher","DOI":"10.3390\/cancers14153645"},{"key":"2024040415500652000_2024.04.01.587366v1.41","doi-asserted-by":"publisher","DOI":"10.1126\/science.aac7557"},{"key":"2024040415500652000_2024.04.01.587366v1.42","doi-asserted-by":"publisher","DOI":"10.1038\/s41467-019-10849-y"},{"key":"2024040415500652000_2024.04.01.587366v1.43","doi-asserted-by":"publisher","DOI":"10.1038\/nbt.3437"},{"key":"2024040415500652000_2024.04.01.587366v1.44","doi-asserted-by":"publisher","DOI":"10.1136\/jmg.2007.056499"},{"key":"2024040415500652000_2024.04.01.587366v1.45","doi-asserted-by":"publisher","DOI":"10.1016\/j.ajhg.2020.12.003"},{"key":"2024040415500652000_2024.04.01.587366v1.46","doi-asserted-by":"publisher","DOI":"10.1038\/s41587-019-0032-3"},{"key":"2024040415500652000_2024.04.01.587366v1.47","doi-asserted-by":"publisher","DOI":"10.1038\/nmeth.3047"},{"key":"2024040415500652000_2024.04.01.587366v1.48","doi-asserted-by":"crossref","first-page":"96","DOI":"10.1089\/hgtb.2017.198","article-title":"Determination
          of Lentiviral Infectious Titer by a Novel Droplet Digital PCR Method","volume":"29","year":"2018","journal-title":"Hum.
          Gene Ther. Methods"},{"key":"2024040415500652000_2024.04.01.587366v1.49","doi-asserted-by":"publisher","DOI":"10.1186\/s13059-020-02091-3"},{"key":"2024040415500652000_2024.04.01.587366v1.50","doi-asserted-by":"publisher","DOI":"10.1186\/s13073-021-00835-9"}],"container-title":[],"original-title":[],"link":[{"URL":"https:\/\/syndication.highwire.org\/content\/doi\/10.1101\/2024.04.01.587366","content-type":"unspecified","content-version":"vor","intended-application":"similarity-checking"}],"deposited":{"date-parts":[[2024,4,4]],"date-time":"2024-04-04T22:50:19Z","timestamp":1712271019000},"score":1,"resource":{"primary":{"URL":"http:\/\/biorxiv.org\/lookup\/doi\/10.1101\/2024.04.01.587366"}},"subtitle":[],"short-title":[],"issued":{"date-parts":[[2024,4,1]]},"references-count":50,"URL":"http:\/\/dx.doi.org\/10.1101\/2024.04.01.587366","relation":{},"subject":[],"published":{"date-parts":[[2024,4,1]]},"subtype":"preprint"}}'
      headers:
        Access-Control-Allow-Headers:
          - X-Requested-With, Accept, Accept-Encoding, Accept-Charset, Accept-Language,
            Accept-Ranges, Cache-Control
        Access-Control-Allow-Origin:
          - "*"
        Access-Control-Expose-Headers:
          - Link
        Connection:
          - close
        Content-Encoding:
          - gzip
        Content-Length:
          - "3214"
        Content-Type:
          - application/json
        Date:
          - Wed, 04 Sep 2024 22:52:15 GMT
        Server:
          - Jetty(9.4.40.v20210413)
        Vary:
          - Accept-Encoding
        permissions-policy:
          - interest-cohort=()
        x-api-pool:
          - plus
        x-rate-limit-interval:
          - 1s
        x-rate-limit-limit:
          - "150"
        x-ratelimit-interval:
          - 1s
        x-ratelimit-limit:
          - "150"
      status:
        code: 200
        message: OK
  - request:
      body: null
      headers: {}
      method: GET
      uri: https://api.crossref.org/works/10.1038%2Fs42256-024-00832-8/transform/application/x-bibtex
    response:
      body:
        string:
          " @article{M_Bran_2024, title={Augmenting large language models with
          chemistry tools}, volume={6}, ISSN={2522-5839}, url={http://dx.doi.org/10.1038/s42256-024-00832-8},
          DOI={10.1038/s42256-024-00832-8}, number={5}, journal={Nature Machine Intelligence},
          publisher={Springer Science and Business Media LLC}, author={M. Bran, Andres
          and Cox, Sam and Schilter, Oliver and Baldassari, Carlo and White, Andrew
          D. and Schwaller, Philippe}, year={2024}, month=may, pages={525\u2013535}
          }\n"
      headers:
        Access-Control-Allow-Headers:
          - X-Requested-With, Accept, Accept-Encoding, Accept-Charset, Accept-Language,
            Accept-Ranges, Cache-Control
        Access-Control-Allow-Origin:
          - "*"
        Access-Control-Expose-Headers:
          - Link
        Connection:
          - close
        Date:
          - Wed, 04 Sep 2024 22:52:15 GMT
        Server:
          - Jetty(9.4.40.v20210413)
        Transfer-Encoding:
          - chunked
        permissions-policy:
          - interest-cohort=()
        x-api-pool:
          - plus
        x-rate-limit-interval:
          - 1s
        x-rate-limit-limit:
          - "150"
        x-ratelimit-interval:
          - 1s
        x-ratelimit-limit:
          - "150"
      status:
        code: 200
        message: OK
  - request:
      body: null
      headers: {}
      method: GET
      uri: https://api.crossref.org/works/10.1063%2F1.4938384/transform/application/x-bibtex
    response:
      body:
        string:
          " @article{Skarlinski_2015, title={Effect of native oxide layers on
          copper thin-film tensile properties: A reactive molecular dynamics study},
          volume={118}, ISSN={1089-7550}, url={http://dx.doi.org/10.1063/1.4938384},
          DOI={10.1063/1.4938384}, number={23}, journal={Journal of Applied Physics},
          publisher={AIP Publishing}, author={Skarlinski, Michael D. and Quesnel, David
          J.}, year={2015}, month=dec }

          "
      headers:
        Access-Control-Allow-Headers:
          - X-Requested-With, Accept, Accept-Encoding, Accept-Charset, Accept-Language,
            Accept-Ranges, Cache-Control
        Access-Control-Allow-Origin:
          - "*"
        Access-Control-Expose-Headers:
          - Link
        Connection:
          - close
        Date:
          - Wed, 04 Sep 2024 22:52:15 GMT
        Server:
          - Jetty(9.4.40.v20210413)
        Transfer-Encoding:
          - chunked
        permissions-policy:
          - interest-cohort=()
        x-api-pool:
          - plus
        x-rate-limit-interval:
          - 1s
        x-rate-limit-limit:
          - "150"
        x-ratelimit-interval:
          - 1s
        x-ratelimit-limit:
          - "150"
      status:
        code: 200
        message: OK
  - request:
      body: null
      headers: {}
      method: GET
      uri: https://api.crossref.org/works/10.1023%2Fa:1007154515475/transform/application/x-bibtex
    response:
      body:
        string:
          " @article{Adak_2001, volume={218}, ISSN={0300-8177}, url={http://dx.doi.org/10.1023/a:1007154515475},
          DOI={10.1023/a:1007154515475}, number={1/2}, journal={Molecular and Cellular
          Biochemistry}, publisher={Springer Science and Business Media LLC}, author={Adak,
          Subrata and Bandyopadhyay, Debashis and Bandyopadhyay, Uday and Banerjee,
          Ranajit K.}, year={2001}, pages={1\u201311} }\n"
      headers:
        Access-Control-Allow-Headers:
          - X-Requested-With, Accept, Accept-Encoding, Accept-Charset, Accept-Language,
            Accept-Ranges, Cache-Control
        Access-Control-Allow-Origin:
          - "*"
        Access-Control-Expose-Headers:
          - Link
        Connection:
          - close
        Date:
          - Wed, 04 Sep 2024 22:52:15 GMT
        Server:
          - Jetty(9.4.40.v20210413)
        Transfer-Encoding:
          - chunked
        permissions-policy:
          - interest-cohort=()
        x-api-pool:
          - plus
        x-rate-limit-interval:
          - 1s
        x-rate-limit-limit:
          - "150"
        x-ratelimit-interval:
          - 1s
        x-ratelimit-limit:
          - "150"
      status:
        code: 200
        message: OK
  - request:
      body: null
      headers: {}
      method: GET
      uri: https://api.crossref.org/works/10.1007%2Fs40278-023-41815-2/transform/application/x-bibtex
    response:
      body:
        string:
          " @article{2023, volume={1962}, ISSN={1179-2051}, url={http://dx.doi.org/10.1007/s40278-023-41815-2},
          DOI={10.1007/s40278-023-41815-2}, number={1}, journal={Reactions Weekly},
          publisher={Springer Science and Business Media LLC}, year={2023}, month=jun,
          pages={145\u2013145} }\n"
      headers:
        Access-Control-Allow-Headers:
          - X-Requested-With, Accept, Accept-Encoding, Accept-Charset, Accept-Language,
            Accept-Ranges, Cache-Control
        Access-Control-Allow-Origin:
          - "*"
        Access-Control-Expose-Headers:
          - Link
        Connection:
          - close
        Date:
          - Wed, 04 Sep 2024 22:52:15 GMT
        Server:
          - Jetty(9.4.40.v20210413)
        Transfer-Encoding:
          - chunked
        permissions-policy:
          - interest-cohort=()
        x-api-pool:
          - plus
        x-rate-limit-interval:
          - 1s
        x-rate-limit-limit:
          - "150"
        x-ratelimit-interval:
          - 1s
        x-ratelimit-limit:
          - "150"
      status:
        code: 200
        message: OK
  - request:
      body: null
      headers: {}
      method: GET
      uri: https://api.crossref.org/works/10.1101%2F2024.04.01.587366/transform/application/x-bibtex
    response:
      body:
        string:
          " @article{Herger_2024, title={High-throughput screening of human genetic
          variants by pooled prime editing}, url={http://dx.doi.org/10.1101/2024.04.01.587366},
          DOI={10.1101/2024.04.01.587366}, publisher={Cold Spring Harbor Laboratory},
          author={Herger, Michael and Kajba, Christina M. and Buckley, Megan and Cunha,
          Ana and Strom, Molly and Findlay, Gregory M.}, year={2024}, month=apr }

          "
      headers:
        Access-Control-Allow-Headers:
          - X-Requested-With, Accept, Accept-Encoding, Accept-Charset, Accept-Language,
            Accept-Ranges, Cache-Control
        Access-Control-Allow-Origin:
          - "*"
        Access-Control-Expose-Headers:
          - Link
        Connection:
          - close
        Date:
          - Wed, 04 Sep 2024 22:52:15 GMT
        Server:
          - Jetty(9.4.40.v20210413)
        Transfer-Encoding:
          - chunked
        permissions-policy:
          - interest-cohort=()
        x-api-pool:
          - plus
        x-rate-limit-interval:
          - 1s
        x-rate-limit-limit:
          - "150"
        x-ratelimit-interval:
          - 1s
        x-ratelimit-limit:
          - "150"
      status:
        code: 200
        message: OK
version: 1
